[tr5-live] B10 AntitoneOn.image_lowerBounds_subset_upperBounds_image: ranks 6-10 (5 programs) ...
[tr5-live] B10 AntitoneOn.image_upperBounds_subset_lowerBounds_image: ranks 6-10 (5 programs) ...
[tr5-live] B10 Equiv.bijOn: ranks 6-10 (5 programs) ...
[tr5-live] B10 Finset.biUnion_subset: ranks 6-10 (5 programs) ...
[tr5-live] B10 Finset.card_filter_le_iff: ranks 6-10 (5 programs) ...
[tr5-live] B10 Finset.card_le_one_iff_subset_singleton: ranks 6-10 (5 programs) ...
[tr5-live] B10 Finset.card_union_eq_card_add_card: ranks 6-10 (5 programs) ...
[tr5-live] B10 Finset.codisjoint_inf_left: ranks 6-10 (5 programs) ...
[tr5-live] B10 Finset.codisjoint_inf_right: ranks 6-10 (5 programs) ...
[tr5-live] B10 Finset.disjoint_biUnion_left: ranks 6-10 (5 programs) ...
[tr5-live] B10 Finset.disjoint_biUnion_right: ranks 6-10 (5 programs) ...
[tr5-live] B10 Finset.disjoint_image: ranks 6-10 (5 programs) ...
[tr5-live] B10 Finset.disjoint_map: ranks 6-10 (5 programs) ...
[tr5-live] B10 Finset.disjoint_sup_left: ranks 6-10 (5 programs) ...
[tr5-live] B10 Finset.disjoint_sup_right: ranks 6-10 (5 programs) ...
[tr5-live] B10 Finset.exists_eq_insert_iff: ranks 6-10 (5 programs) ...
[tr5-live] B10 Finset.fiber_card_ne_zero_iff_mem_image: ranks 6-10 (5 programs) ...
[tr5-live] B10 Finset.image_ssubset_image: ranks 6-10 (5 programs) ...
[tr5-live] B10 Finset.image_subset_iff: ranks 6-10 (5 programs) ...
[tr5-live] B10 Finset.image_subset_iff_subset_preimage: ranks 6-10 (5 programs) ...
[tr5-live] B10 Finset.image_subset_image_iff: ranks 6-10 (5 programs) ...
[tr5-live] B10 Finset.le_card_iff_exists_subset_card: ranks 6-10 (5 programs) ...
[tr5-live] B10 Finset.map_ssubset_map: ranks 6-10 (5 programs) ...
[tr5-live] B10 Finset.map_subset_iff_subset_preimage: ranks 6-10 (5 programs) ...
[tr5-live] B10 Finset.map_subset_map: ranks 6-10 (5 programs) ...
[tr5-live] B10 Finset.map_symm_subset: ranks 6-10 (5 programs) ...
[tr5-live] B10 Finset.mem_powersetCard: ranks 6-10 (5 programs) ...
[tr5-live] B10 Finset.powerset_card_disjiUnion: ranks 6-10 (5 programs) ...
[tr5-live] B10 Finset.subset_iff_eq_of_card_le: ranks 6-10 (5 programs) ...
[tr5-live] B10 Finset.subset_image_iff: ranks 6-10 (5 programs) ...
[tr5-live] B10 Finset.subset_map_iff: ranks 6-10 (5 programs) ...
[tr5-live] B10 Finset.subset_map_symm: ranks 6-10 (5 programs) ...
[tr5-live] B10 IsGLB.of_image: ranks 6-10 (5 programs) ...
[tr5-live] B10 IsLUB.of_image: ranks 6-10 (5 programs) ...
[tr5-live] B10 List.disjoint_map: ranks 6-10 (5 programs) ...
[tr5-live] B10 List.disjoint_pmap: ranks 6-10 (5 programs) ...
[tr5-live] B10 List.dropWhile_eq_nil_iff: ranks 6-10 (5 programs) ...
[tr5-live] B10 List.eq_replicate_length: ranks 6-10 (5 programs) ...
[tr5-live] B10 List.forall_cons: ranks 6-10 (5 programs) ...
[tr5-live] B10 List.forall_iff_forall_mem: ranks 6-10 (5 programs) ...
[tr5-live] B10 List.forall_map_iff: ranks 6-10 (5 programs) ...
[tr5-live] B10 List.indexOf_cons_ne: ranks 6-10 (5 programs) ...
[tr5-live] B10 List.indexOf_eq_length: ranks 6-10 (5 programs) ...
[tr5-live] B10 List.indexOf_lt_length: ranks 6-10 (5 programs) ...
[tr5-live] B10 List.length_filter_lt_length_iff_exists: ranks 6-10 (5 programs) ...
[tr5-live] B10 List.map_bijective_iff: ranks 6-10 (5 programs) ...
[tr5-live] B10 List.map_injective_iff: ranks 6-10 (5 programs) ...
[tr5-live] B10 List.map_involutive_iff: ranks 6-10 (5 programs) ...
[tr5-live] B10 List.map_leftInverse_iff: ranks 6-10 (5 programs) ...
[tr5-live] B10 List.map_rightInverse_iff: ranks 6-10 (5 programs) ...
[tr5-live] B10 List.map_subset_iff: ranks 6-10 (5 programs) ...
[tr5-live] B10 List.map_surjective_iff: ranks 6-10 (5 programs) ...
[tr5-live] B10 List.mem_dedup: ranks 6-10 (5 programs) ...
[tr5-live] B10 List.mem_map_of_injective: ranks 6-10 (5 programs) ...
[tr5-live] B10 List.mem_mem_ranges_iff_lt_natSum: ranks 6-10 (5 programs) ...
[tr5-live] B10 List.mem_pmap: ranks 6-10 (5 programs) ...
[tr5-live] B10 List.pairwise_pmap: ranks 6-10 (5 programs) ...
[tr5-live] B10 List.pmap_eq_nil: ranks 6-10 (5 programs) ...
[tr5-live] B10 List.ranges_disjoint: ranks 6-10 (5 programs) ...
[tr5-live] B10 List.ranges_join': ranks 6-10 (5 programs) ...
[tr5-live] B10 List.subset_singleton_iff: ranks 6-10 (5 programs) ...
[tr5-live] B10 List.takeWhile_eq_self_iff: ranks 6-10 (5 programs) ...
[tr5-live] B10 MonotoneOn.image_lowerBounds_subset_lowerBounds_image: ranks 6-10 (5 programs) ...
[tr5-live] B10 MonotoneOn.image_upperBounds_subset_upperBounds_image: ranks 6-10 (5 programs) ...
[tr5-live] B10 Multiset.Disjoint.symm: ranks 6-10 (5 programs) ...
[tr5-live] B10 Multiset.add_eq_union_iff_disjoint: ranks 6-10 (5 programs) ...
[tr5-live] B10 Multiset.add_eq_union_left_of_le: ranks 6-10 (5 programs) ...
[tr5-live] B10 Multiset.add_eq_union_right_of_le: ranks 6-10 (5 programs) ...
[tr5-live] B10 Multiset.card_filter_le_iff: ranks 6-10 (5 programs) ...
[tr5-live] B10 Multiset.coe_disjoint: ranks 6-10 (5 programs) ...
[tr5-live] B10 Multiset.disjoint_add_right: ranks 6-10 (5 programs) ...
[tr5-live] B10 Multiset.disjoint_comm: ranks 6-10 (5 programs) ...
[tr5-live] B10 Multiset.disjoint_iff_ne: ranks 6-10 (5 programs) ...
[tr5-live] B10 Multiset.disjoint_left: ranks 6-10 (5 programs) ...
[tr5-live] B10 Multiset.disjoint_of_subset_left: ranks 6-10 (5 programs) ...
[tr5-live] B10 Multiset.disjoint_of_subset_right: ranks 6-10 (5 programs) ...
[tr5-live] B10 Multiset.disjoint_right: ranks 6-10 (5 programs) ...
[tr5-live] B10 Multiset.disjoint_singleton: ranks 6-10 (5 programs) ...
[tr5-live] B10 Multiset.disjoint_union_left: ranks 6-10 (5 programs) ...
[tr5-live] B10 Multiset.inter_eq_zero_iff_disjoint: ranks 6-10 (5 programs) ...
[tr5-live] B10 Multiset.nodup_bind: ranks 6-10 (5 programs) ...
[tr5-live] B10 Multiset.toFinset_card_eq_card_iff_nodup: ranks 6-10 (5 programs) ...
[tr5-live] B10 Multiset.zero_disjoint: ranks 6-10 (5 programs) ...
[tr5-live] B10 Nat.ModEq.comm: ranks 6-10 (5 programs) ...
[tr5-live] B10 Nat.le_mul_self: ranks 6-10 (5 programs) ...
[tr5-live] B10 Nat.le_sqrt: ranks 6-10 (5 programs) ...
[tr5-live] B10 Nat.le_sqrt': ranks 6-10 (5 programs) ...
[tr5-live] B10 Nat.lt_mul_self_iff: ranks 6-10 (5 programs) ...
[tr5-live] B10 Nat.modEq_zero_iff: ranks 6-10 (5 programs) ...
[tr5-live] B10 Nat.modEq_zero_iff_dvd: ranks 6-10 (5 programs) ...
[tr5-live] B10 Nat.mod_eq_iff_lt: ranks 6-10 (5 programs) ...
[tr5-live] B10 Nat.mul_self_inj: ranks 6-10 (5 programs) ...
[tr5-live] B10 Nat.one_le_div_iff: ranks 6-10 (5 programs) ...
[tr5-live] B10 Nat.one_lt_pow_iff: ranks 6-10 (5 programs) ...
[tr5-live] B10 Nat.sqrt_eq_zero: ranks 6-10 (5 programs) ...
[tr5-live] B10 Nat.sqrt_lt': ranks 6-10 (5 programs) ...
[tr5-live] B10 Nat.sqrt_pos: ranks 6-10 (5 programs) ...
[tr5-live] B10 Option.bind_eq_some': ranks 6-10 (5 programs) ...
[tr5-live] B10 Option.map_eq_id: ranks 6-10 (5 programs) ...
[tr5-live] B10 Option.map_inj: ranks 6-10 (5 programs) ...
[tr5-live] B10 PLift.down_injective: ranks 6-10 (5 programs) ...
[tr5-live] B10 Set.InjOn.image_eq_image_iff: ranks 6-10 (5 programs) ...
[tr5-live] B10 Set.InjOn.image_ssubset_image_iff: ranks 6-10 (5 programs) ...
[tr5-live] B10 Set.InjOn.image_subset_image_iff: ranks 6-10 (5 programs) ...
[tr5-live] B10 Set.InjOn.mem_image_iff: ranks 6-10 (5 programs) ...
[tr5-live] B10 Set.MapsTo.mem_iff: ranks 6-10 (5 programs) ...
[tr5-live] B10 Set.biUnion_compl_eq_of_pairwise_disjoint_of_iUnion_eq_univ: ranks 6-10 (5 programs) ...
[tr5-live] B10 Set.bijective_iff_bijective_of_iUnion_eq_univ: ranks 6-10 (5 programs) ...
[tr5-live] B10 Set.injOn_union: ranks 6-10 (5 programs) ...
[tr5-live] B10 Set.kernImage_preimage_eq_iff: ranks 6-10 (5 programs) ...
[tr5-live] B10 Set.mapsTo': ranks 6-10 (5 programs) ...
[tr5-live] B10 Set.mapsTo_inter: ranks 6-10 (5 programs) ...
[tr5-live] B10 Set.mapsTo_range_iff: ranks 6-10 (5 programs) ...
[tr5-live] B10 Set.mapsTo_sInter: ranks 6-10 (5 programs) ...
[tr5-live] B10 Set.mapsTo_sUnion: ranks 6-10 (5 programs) ...
[tr5-live] B10 Set.mapsTo_singleton: ranks 6-10 (5 programs) ...
[tr5-live] B10 Set.mapsTo_union: ranks 6-10 (5 programs) ...
[tr5-live] B10 Set.surjOn_iff_exists_map_subtype: ranks 6-10 (5 programs) ...
[tr5-live] B10 bddAbove_def: ranks 6-10 (5 programs) ...
[tr5-live] B10 bddAbove_iff_subset_Iic: ranks 6-10 (5 programs) ...
[tr5-live] B10 bddBelow_bddAbove_iff_subset_Icc: ranks 6-10 (5 programs) ...
[tr5-live] B10 bddBelow_def: ranks 6-10 (5 programs) ...
[tr5-live] B10 bddBelow_iff_subset_Ici: ranks 6-10 (5 programs) ...
[tr5-live] B10 exists_mem_or: ranks 6-10 (5 programs) ...
[tr5-live] B10 exists_of_exists_mem: ranks 6-10 (5 programs) ...
[tr5-live] B10 isGreatest_union_iff: ranks 6-10 (5 programs) ...
[tr5-live] B10 isLeast_union_iff: ranks 6-10 (5 programs) ...
[tr5-live] B10 mem_lowerBounds_iff_subset_Ici: ranks 6-10 (5 programs) ...
[tr6-live] B10: live=135 total_success=12 new_this_stage=3 rank_hist={1: 1, 9: 1, 2: 4, 6: 1, 3: 2, 7: 1, 4: 1, 5: 1}
