[tr5-live] B20 AntitoneOn.image_lowerBounds_subset_upperBounds_image: ranks 11-20 (10 programs) ...
[tr5-live] B20 AntitoneOn.image_upperBounds_subset_lowerBounds_image: ranks 11-20 (10 programs) ...
[tr5-live] B20 Equiv.bijOn: ranks 11-20 (10 programs) ...
[tr5-live] B20 Finset.biUnion_subset: ranks 11-20 (10 programs) ...
[tr5-live] B20 Finset.card_filter_le_iff: ranks 11-20 (10 programs) ...
[tr5-live] B20 Finset.card_le_one_iff_subset_singleton: ranks 11-20 (10 programs) ...
[tr5-live] B20 Finset.card_union_eq_card_add_card: ranks 11-20 (10 programs) ...
[tr5-live] B20 Finset.codisjoint_inf_left: ranks 11-20 (10 programs) ...
[tr5-live] B20 Finset.codisjoint_inf_right: ranks 11-20 (10 programs) ...
[tr5-live] B20 Finset.disjoint_biUnion_left: ranks 11-20 (10 programs) ...
[tr5-live] B20 Finset.disjoint_biUnion_right: ranks 11-20 (10 programs) ...
[tr5-live] B20 Finset.disjoint_image: ranks 11-20 (10 programs) ...
[tr5-live] B20 Finset.disjoint_map: ranks 11-20 (10 programs) ...
[tr5-live] B20 Finset.disjoint_sup_left: ranks 11-20 (10 programs) ...
[tr5-live] B20 Finset.disjoint_sup_right: ranks 11-20 (10 programs) ...
[tr5-live] B20 Finset.exists_eq_insert_iff: ranks 11-20 (10 programs) ...
[tr5-live] B20 Finset.fiber_card_ne_zero_iff_mem_image: ranks 11-20 (10 programs) ...
[tr5-live] B20 Finset.image_ssubset_image: ranks 11-20 (10 programs) ...
[tr5-live] B20 Finset.image_subset_iff_subset_preimage: ranks 11-20 (10 programs) ...
[tr5-live] B20 Finset.image_subset_image_iff: ranks 11-20 (10 programs) ...
[tr5-live] B20 Finset.le_card_iff_exists_subset_card: ranks 11-20 (10 programs) ...
[tr5-live] B20 Finset.map_ssubset_map: ranks 11-20 (10 programs) ...
[tr5-live] B20 Finset.map_subset_iff_subset_preimage: ranks 11-20 (10 programs) ...
[tr5-live] B20 Finset.map_subset_map: ranks 11-20 (10 programs) ...
[tr5-live] B20 Finset.map_symm_subset: ranks 11-20 (10 programs) ...
[tr5-live] B20 Finset.mem_powersetCard: ranks 11-20 (10 programs) ...
[tr5-live] B20 Finset.powerset_card_disjiUnion: ranks 11-20 (10 programs) ...
[tr5-live] B20 Finset.subset_iff_eq_of_card_le: ranks 11-20 (10 programs) ...
[tr5-live] B20 Finset.subset_image_iff: ranks 11-20 (10 programs) ...
[tr5-live] B20 Finset.subset_map_iff: ranks 11-20 (10 programs) ...
[tr5-live] B20 Finset.subset_map_symm: ranks 11-20 (10 programs) ...
[tr5-live] B20 IsGLB.of_image: ranks 11-20 (10 programs) ...
[tr5-live] B20 IsLUB.of_image: ranks 11-20 (10 programs) ...
[tr5-live] B20 List.disjoint_map: ranks 11-20 (10 programs) ...
[tr5-live] B20 List.disjoint_pmap: ranks 11-20 (10 programs) ...
[tr5-live] B20 List.dropWhile_eq_nil_iff: ranks 11-20 (10 programs) ...
[tr5-live] B20 List.eq_replicate_length: ranks 11-20 (10 programs) ...
[tr5-live] B20 List.forall_cons: ranks 11-20 (10 programs) ...
[tr5-live] B20 List.forall_iff_forall_mem: ranks 11-20 (10 programs) ...
[tr5-live] B20 List.forall_map_iff: ranks 11-20 (10 programs) ...
[tr5-live] B20 List.indexOf_cons_ne: ranks 11-20 (10 programs) ...
[tr5-live] B20 List.indexOf_eq_length: ranks 11-20 (10 programs) ...
[tr5-live] B20 List.indexOf_lt_length: ranks 11-20 (10 programs) ...
[tr5-live] B20 List.length_filter_lt_length_iff_exists: ranks 11-20 (10 programs) ...
[tr5-live] B20 List.map_bijective_iff: ranks 11-20 (10 programs) ...
[tr5-live] B20 List.map_injective_iff: ranks 11-20 (10 programs) ...
[tr5-live] B20 List.map_involutive_iff: ranks 11-20 (10 programs) ...
[tr5-live] B20 List.map_leftInverse_iff: ranks 11-20 (10 programs) ...
[tr5-live] B20 List.map_rightInverse_iff: ranks 11-20 (10 programs) ...
[tr5-live] B20 List.map_subset_iff: ranks 11-20 (10 programs) ...
[tr5-live] B20 List.map_surjective_iff: ranks 11-20 (10 programs) ...
[tr5-live] B20 List.mem_dedup: ranks 11-20 (10 programs) ...
[tr5-live] B20 List.mem_map_of_injective: ranks 11-20 (10 programs) ...
[tr5-live] B20 List.mem_mem_ranges_iff_lt_natSum: ranks 11-20 (10 programs) ...
[tr5-live] B20 List.mem_pmap: ranks 11-20 (10 programs) ...
[tr5-live] B20 List.pairwise_pmap: ranks 11-20 (10 programs) ...
[tr5-live] B20 List.pmap_eq_nil: ranks 11-20 (10 programs) ...
[tr5-live] B20 List.ranges_disjoint: ranks 11-20 (10 programs) ...
[tr5-live] B20 List.ranges_join': ranks 11-20 (10 programs) ...
[tr5-live] B20 List.subset_singleton_iff: ranks 11-20 (10 programs) ...
[tr5-live] B20 List.takeWhile_eq_self_iff: ranks 11-20 (10 programs) ...
[tr5-live] B20 MonotoneOn.image_lowerBounds_subset_lowerBounds_image: ranks 11-20 (10 programs) ...
[tr5-live] B20 MonotoneOn.image_upperBounds_subset_upperBounds_image: ranks 11-20 (10 programs) ...
[tr5-live] B20 Multiset.Disjoint.symm: ranks 11-20 (10 programs) ...
[tr5-live] B20 Multiset.add_eq_union_iff_disjoint: ranks 11-20 (10 programs) ...
[tr5-live] B20 Multiset.add_eq_union_left_of_le: ranks 11-20 (10 programs) ...
[tr5-live] B20 Multiset.add_eq_union_right_of_le: ranks 11-20 (10 programs) ...
[tr5-live] B20 Multiset.card_filter_le_iff: ranks 11-20 (10 programs) ...
[tr5-live] B20 Multiset.disjoint_add_right: ranks 11-20 (10 programs) ...
[tr5-live] B20 Multiset.disjoint_comm: ranks 11-20 (10 programs) ...
[tr5-live] B20 Multiset.disjoint_iff_ne: ranks 11-20 (10 programs) ...
[tr5-live] B20 Multiset.disjoint_left: ranks 11-20 (10 programs) ...
[tr5-live] B20 Multiset.disjoint_of_subset_left: ranks 11-20 (10 programs) ...
[tr5-live] B20 Multiset.disjoint_of_subset_right: ranks 11-20 (10 programs) ...
[tr5-live] B20 Multiset.disjoint_right: ranks 11-20 (10 programs) ...
[tr5-live] B20 Multiset.disjoint_singleton: ranks 11-20 (10 programs) ...
[tr5-live] B20 Multiset.disjoint_union_left: ranks 11-20 (10 programs) ...
[tr5-live] B20 Multiset.inter_eq_zero_iff_disjoint: ranks 11-20 (10 programs) ...
[tr5-live] B20 Multiset.nodup_bind: ranks 11-20 (10 programs) ...
[tr5-live] B20 Multiset.toFinset_card_eq_card_iff_nodup: ranks 11-20 (10 programs) ...
[tr5-live] B20 Nat.ModEq.comm: ranks 11-20 (10 programs) ...
[tr5-live] B20 Nat.le_mul_self: ranks 11-20 (10 programs) ...
[tr5-live] B20 Nat.le_sqrt: ranks 11-20 (10 programs) ...
[tr5-live] B20 Nat.le_sqrt': ranks 11-20 (10 programs) ...
[tr5-live] B20 Nat.lt_mul_self_iff: ranks 11-20 (10 programs) ...
[tr5-live] B20 Nat.modEq_zero_iff: ranks 11-20 (10 programs) ...
[tr5-live] B20 Nat.modEq_zero_iff_dvd: ranks 11-20 (10 programs) ...
[tr5-live] B20 Nat.mod_eq_iff_lt: ranks 11-20 (10 programs) ...
[tr5-live] B20 Nat.mul_self_inj: ranks 11-20 (10 programs) ...
[tr5-live] B20 Nat.one_le_div_iff: ranks 11-20 (10 programs) ...
[tr5-live] B20 Nat.one_lt_pow_iff: ranks 11-20 (10 programs) ...
[tr5-live] B20 Nat.sqrt_eq_zero: ranks 11-20 (10 programs) ...
[tr5-live] B20 Nat.sqrt_lt': ranks 11-20 (10 programs) ...
[tr5-live] B20 Nat.sqrt_pos: ranks 11-20 (10 programs) ...
[tr5-live] B20 Option.bind_eq_some': ranks 11-20 (10 programs) ...
[tr5-live] B20 Option.map_eq_id: ranks 11-20 (10 programs) ...
[tr5-live] B20 Option.map_inj: ranks 11-20 (10 programs) ...
[tr5-live] B20 PLift.down_injective: ranks 11-20 (10 programs) ...
[tr5-live] B20 Set.InjOn.image_eq_image_iff: ranks 11-20 (10 programs) ...
[tr5-live] B20 Set.InjOn.image_ssubset_image_iff: ranks 11-20 (10 programs) ...
[tr5-live] B20 Set.InjOn.image_subset_image_iff: ranks 11-20 (10 programs) ...
[tr5-live] B20 Set.InjOn.mem_image_iff: ranks 11-20 (10 programs) ...
[tr5-live] B20 Set.MapsTo.mem_iff: ranks 11-20 (10 programs) ...
[tr5-live] B20 Set.biUnion_compl_eq_of_pairwise_disjoint_of_iUnion_eq_univ: ranks 11-20 (10 programs) ...
[tr5-live] B20 Set.bijective_iff_bijective_of_iUnion_eq_univ: ranks 11-20 (10 programs) ...
[tr5-live] B20 Set.injOn_union: ranks 11-20 (10 programs) ...
[tr5-live] B20 Set.kernImage_preimage_eq_iff: ranks 11-20 (10 programs) ...
[tr5-live] B20 Set.mapsTo': ranks 11-20 (10 programs) ...
[tr5-live] B20 Set.mapsTo_inter: ranks 11-20 (10 programs) ...
[tr5-live] B20 Set.mapsTo_range_iff: ranks 11-20 (10 programs) ...
[tr5-live] B20 Set.mapsTo_sInter: ranks 11-20 (10 programs) ...
[tr5-live] B20 Set.mapsTo_sUnion: ranks 11-20 (10 programs) ...
[tr5-live] B20 Set.mapsTo_singleton: ranks 11-20 (10 programs) ...
[tr5-live] B20 Set.mapsTo_union: ranks 11-20 (10 programs) ...
[tr5-live] B20 Set.surjOn_iff_exists_map_subtype: ranks 11-20 (10 programs) ...
[tr5-live] B20 bddAbove_def: ranks 11-20 (10 programs) ...
[tr5-live] B20 bddAbove_iff_subset_Iic: ranks 11-20 (10 programs) ...
[tr5-live] B20 bddBelow_bddAbove_iff_subset_Icc: ranks 11-20 (10 programs) ...
[tr5-live] B20 bddBelow_def: ranks 11-20 (10 programs) ...
[tr5-live] B20 bddBelow_iff_subset_Ici: ranks 11-20 (10 programs) ...
[tr5-live] B20 exists_mem_or: ranks 11-20 (10 programs) ...
[tr5-live] B20 exists_of_exists_mem: ranks 11-20 (10 programs) ...
[tr5-live] B20 isGreatest_union_iff: ranks 11-20 (10 programs) ...
[tr5-live] B20 isLeast_union_iff: ranks 11-20 (10 programs) ...
[tr5-live] B20 mem_lowerBounds_iff_subset_Ici: ranks 11-20 (10 programs) ...
[tr6-live] B20: live=135 total_success=21 new_this_stage=9 rank_hist={1: 1, 9: 1, 2: 4, 20: 1, 16: 3, 6: 1, 3: 2, 12: 3, 11: 1, 17: 1, 7: 1, 4: 1, 5: 1}
