[tr5-live] B5 AntitoneOn.image_lowerBounds_subset_upperBounds_image: ranks 1-5 (5 programs) ...
[tr5-live] B5 AntitoneOn.image_upperBounds_subset_lowerBounds_image: ranks 1-5 (5 programs) ...
[tr5-live] B5 Equiv.bijOn: ranks 1-5 (5 programs) ...
[tr5-live] B5 Finset.biUnion_subset: ranks 1-5 (5 programs) ...
[tr5-live] B5 Finset.biUnion_subset_iff_forall_subset: ranks 1-5 (5 programs) ...
[tr5-live] B5 Finset.card_filter_le_iff: ranks 1-5 (5 programs) ...
[tr5-live] B5 Finset.card_le_one_iff_subset_singleton: ranks 1-5 (5 programs) ...
[tr5-live] B5 Finset.card_union_eq_card_add_card: ranks 1-5 (5 programs) ...
[tr5-live] B5 Finset.codisjoint_inf_left: ranks 1-5 (5 programs) ...
[tr5-live] B5 Finset.codisjoint_inf_right: ranks 1-5 (5 programs) ...
[tr5-live] B5 Finset.disjoint_biUnion_left: ranks 1-5 (5 programs) ...
[tr5-live] B5 Finset.disjoint_biUnion_right: ranks 1-5 (5 programs) ...
[tr5-live] B5 Finset.disjoint_image: ranks 1-5 (5 programs) ...
[tr5-live] B5 Finset.disjoint_map: ranks 1-5 (5 programs) ...
[tr5-live] B5 Finset.disjoint_sup_left: ranks 1-5 (5 programs) ...
[tr5-live] B5 Finset.disjoint_sup_right: ranks 1-5 (5 programs) ...
[tr5-live] B5 Finset.exists_eq_insert_iff: ranks 1-5 (5 programs) ...
[tr5-live] B5 Finset.fiber_card_ne_zero_iff_mem_image: ranks 1-5 (5 programs) ...
[tr5-live] B5 Finset.image_ssubset_image: ranks 1-5 (5 programs) ...
[tr5-live] B5 Finset.image_subset_iff: ranks 1-5 (5 programs) ...
[tr5-live] B5 Finset.image_subset_iff_subset_preimage: ranks 1-5 (5 programs) ...
[tr5-live] B5 Finset.image_subset_image_iff: ranks 1-5 (5 programs) ...
[tr5-live] B5 Finset.le_card_iff_exists_subset_card: ranks 1-5 (5 programs) ...
[tr5-live] B5 Finset.map_ssubset_map: ranks 1-5 (5 programs) ...
[tr5-live] B5 Finset.map_subset_iff_subset_preimage: ranks 1-5 (5 programs) ...
[tr5-live] B5 Finset.map_subset_map: ranks 1-5 (5 programs) ...
[tr5-live] B5 Finset.map_symm_subset: ranks 1-5 (5 programs) ...
[tr5-live] B5 Finset.mem_powersetCard: ranks 1-5 (5 programs) ...
[tr5-live] B5 Finset.powerset_card_disjiUnion: ranks 1-5 (5 programs) ...
[tr5-live] B5 Finset.subset_iff_eq_of_card_le: ranks 1-5 (5 programs) ...
[tr5-live] B5 Finset.subset_image_iff: ranks 1-5 (5 programs) ...
[tr5-live] B5 Finset.subset_map_iff: ranks 1-5 (5 programs) ...
[tr5-live] B5 Finset.subset_map_symm: ranks 1-5 (5 programs) ...
[tr5-live] B5 IsGLB.of_image: ranks 1-5 (5 programs) ...
[tr5-live] B5 IsLUB.of_image: ranks 1-5 (5 programs) ...
[tr5-live] B5 List.Forall.imp: ranks 1-5 (5 programs) ...
[tr5-live] B5 List.disjoint_map: ranks 1-5 (5 programs) ...
[tr5-live] B5 List.disjoint_pmap: ranks 1-5 (5 programs) ...
[tr5-live] B5 List.dropWhile_eq_nil_iff: ranks 1-5 (5 programs) ...
[tr5-live] B5 List.eq_replicate_length: ranks 1-5 (5 programs) ...
[tr5-live] B5 List.forall_cons: ranks 1-5 (5 programs) ...
[tr5-live] B5 List.forall_iff_forall_mem: ranks 1-5 (5 programs) ...
[tr5-live] B5 List.forall_map_iff: ranks 1-5 (5 programs) ...
[tr5-live] B5 List.indexOf_cons_ne: ranks 1-5 (5 programs) ...
[tr5-live] B5 List.indexOf_eq_length: ranks 1-5 (5 programs) ...
[tr5-live] B5 List.indexOf_lt_length: ranks 1-5 (5 programs) ...
[tr5-live] B5 List.length_filter_lt_length_iff_exists: ranks 1-5 (5 programs) ...
[tr5-live] B5 List.map_bijective_iff: ranks 1-5 (5 programs) ...
[tr5-live] B5 List.map_injective_iff: ranks 1-5 (5 programs) ...
[tr5-live] B5 List.map_involutive_iff: ranks 1-5 (5 programs) ...
[tr5-live] B5 List.map_leftInverse_iff: ranks 1-5 (5 programs) ...
[tr5-live] B5 List.map_rightInverse_iff: ranks 1-5 (5 programs) ...
[tr5-live] B5 List.map_subset_iff: ranks 1-5 (5 programs) ...
[tr5-live] B5 List.map_surjective_iff: ranks 1-5 (5 programs) ...
[tr5-live] B5 List.mem_dedup: ranks 1-5 (5 programs) ...
[tr5-live] B5 List.mem_map_of_injective: ranks 1-5 (5 programs) ...
[tr5-live] B5 List.mem_mem_ranges_iff_lt_natSum: ranks 1-5 (5 programs) ...
[tr5-live] B5 List.mem_pmap: ranks 1-5 (5 programs) ...
[tr5-live] B5 List.pairwise_pmap: ranks 1-5 (5 programs) ...
[tr5-live] B5 List.pmap_eq_nil: ranks 1-5 (5 programs) ...
[tr5-live] B5 List.ranges_disjoint: ranks 1-5 (5 programs) ...
[tr5-live] B5 List.ranges_join': ranks 1-5 (5 programs) ...
[tr5-live] B5 List.subset_singleton_iff: ranks 1-5 (5 programs) ...
[tr5-live] B5 List.takeWhile_eq_self_iff: ranks 1-5 (5 programs) ...
[tr5-live] B5 MonotoneOn.image_lowerBounds_subset_lowerBounds_image: ranks 1-5 (5 programs) ...
[tr5-live] B5 MonotoneOn.image_upperBounds_subset_upperBounds_image: ranks 1-5 (5 programs) ...
[tr5-live] B5 Multiset.Disjoint.symm: ranks 1-5 (5 programs) ...
[tr5-live] B5 Multiset.add_eq_union_iff_disjoint: ranks 1-5 (5 programs) ...
[tr5-live] B5 Multiset.add_eq_union_left_of_le: ranks 1-5 (5 programs) ...
[tr5-live] B5 Multiset.add_eq_union_right_of_le: ranks 1-5 (5 programs) ...
[tr5-live] B5 Multiset.card_filter_le_iff: ranks 1-5 (5 programs) ...
[tr5-live] B5 Multiset.coe_disjoint: ranks 1-5 (5 programs) ...
[tr5-live] B5 Multiset.disjoint_add_left: ranks 1-5 (5 programs) ...
[tr5-live] B5 Multiset.disjoint_add_right: ranks 1-5 (5 programs) ...
[tr5-live] B5 Multiset.disjoint_comm: ranks 1-5 (5 programs) ...
[tr5-live] B5 Multiset.disjoint_cons_left: ranks 1-5 (5 programs) ...
[tr5-live] B5 Multiset.disjoint_iff_ne: ranks 1-5 (5 programs) ...
[tr5-live] B5 Multiset.disjoint_left: ranks 1-5 (5 programs) ...
[tr5-live] B5 Multiset.disjoint_of_subset_left: ranks 1-5 (5 programs) ...
[tr5-live] B5 Multiset.disjoint_of_subset_right: ranks 1-5 (5 programs) ...
[tr5-live] B5 Multiset.disjoint_right: ranks 1-5 (5 programs) ...
[tr5-live] B5 Multiset.disjoint_singleton: ranks 1-5 (5 programs) ...
[tr5-live] B5 Multiset.disjoint_union_left: ranks 1-5 (5 programs) ...
[tr5-live] B5 Multiset.inter_eq_zero_iff_disjoint: ranks 1-5 (5 programs) ...
[tr5-live] B5 Multiset.nodup_bind: ranks 1-5 (5 programs) ...
[tr5-live] B5 Multiset.singleton_disjoint: ranks 1-5 (5 programs) ...
[tr5-live] B5 Multiset.toFinset_card_eq_card_iff_nodup: ranks 1-5 (5 programs) ...
[tr5-live] B5 Multiset.zero_disjoint: ranks 1-5 (5 programs) ...
[tr5-live] B5 Nat.ModEq.comm: ranks 1-5 (5 programs) ...
[tr5-live] B5 Nat.le_mul_self: ranks 1-5 (5 programs) ...
[tr5-live] B5 Nat.le_sqrt: ranks 1-5 (5 programs) ...
[tr5-live] B5 Nat.le_sqrt': ranks 1-5 (5 programs) ...
[tr5-live] B5 Nat.lt_mul_self_iff: ranks 1-5 (5 programs) ...
[tr5-live] B5 Nat.modEq_zero_iff: ranks 1-5 (5 programs) ...
[tr5-live] B5 Nat.modEq_zero_iff_dvd: ranks 1-5 (5 programs) ...
[tr5-live] B5 Nat.mod_eq_iff_lt: ranks 1-5 (5 programs) ...
[tr5-live] B5 Nat.mul_self_inj: ranks 1-5 (5 programs) ...
[tr5-live] B5 Nat.one_le_div_iff: ranks 1-5 (5 programs) ...
[tr5-live] B5 Nat.one_lt_pow_iff: ranks 1-5 (5 programs) ...
[tr5-live] B5 Nat.sqrt_eq_zero: ranks 1-5 (5 programs) ...
[tr5-live] B5 Nat.sqrt_lt': ranks 1-5 (5 programs) ...
[tr5-live] B5 Nat.sqrt_pos: ranks 1-5 (5 programs) ...
[tr5-live] B5 Option.bind_eq_some': ranks 1-5 (5 programs) ...
[tr5-live] B5 Option.map_eq_id: ranks 1-5 (5 programs) ...
[tr5-live] B5 Option.map_inj: ranks 1-5 (5 programs) ...
[tr5-live] B5 PLift.down_injective: ranks 1-5 (5 programs) ...
[tr5-live] B5 Set.InjOn.image_eq_image_iff: ranks 1-5 (5 programs) ...
[tr5-live] B5 Set.InjOn.image_ssubset_image_iff: ranks 1-5 (5 programs) ...
[tr5-live] B5 Set.InjOn.image_subset_image_iff: ranks 1-5 (5 programs) ...
[tr5-live] B5 Set.InjOn.mem_image_iff: ranks 1-5 (5 programs) ...
[tr5-live] B5 Set.MapsTo.mem_iff: ranks 1-5 (5 programs) ...
[tr5-live] B5 Set.biUnion_compl_eq_of_pairwise_disjoint_of_iUnion_eq_univ: ranks 1-5 (5 programs) ...
[tr5-live] B5 Set.bijective_iff_bijective_of_iUnion_eq_univ: ranks 1-5 (5 programs) ...
[tr5-live] B5 Set.disjoint_iUnion_left: ranks 1-5 (5 programs) ...
[tr5-live] B5 Set.disjoint_iUnion_right: ranks 1-5 (5 programs) ...
[tr5-live] B5 Set.disjoint_sUnion_left: ranks 1-5 (5 programs) ...
[tr5-live] B5 Set.disjoint_sUnion_right: ranks 1-5 (5 programs) ...
[tr5-live] B5 Set.injOn_union: ranks 1-5 (5 programs) ...
[tr5-live] B5 Set.kernImage_preimage_eq_iff: ranks 1-5 (5 programs) ...
[tr5-live] B5 Set.mapsTo': ranks 1-5 (5 programs) ...
[tr5-live] B5 Set.mapsTo_inter: ranks 1-5 (5 programs) ...
[tr5-live] B5 Set.mapsTo_range_iff: ranks 1-5 (5 programs) ...
[tr5-live] B5 Set.mapsTo_sInter: ranks 1-5 (5 programs) ...
[tr5-live] B5 Set.mapsTo_sUnion: ranks 1-5 (5 programs) ...
[tr5-live] B5 Set.mapsTo_singleton: ranks 1-5 (5 programs) ...
[tr5-live] B5 Set.mapsTo_union: ranks 1-5 (5 programs) ...
[tr5-live] B5 Set.surjOn_iff_exists_map_subtype: ranks 1-5 (5 programs) ...
[tr5-live] B5 bddAbove_def: ranks 1-5 (5 programs) ...
[tr5-live] B5 bddAbove_iff_subset_Iic: ranks 1-5 (5 programs) ...
[tr5-live] B5 bddBelow_bddAbove_iff_subset_Icc: ranks 1-5 (5 programs) ...
[tr5-live] B5 bddBelow_def: ranks 1-5 (5 programs) ...
[tr5-live] B5 bddBelow_iff_subset_Ici: ranks 1-5 (5 programs) ...
[tr5-live] B5 exists_mem_or: ranks 1-5 (5 programs) ...
[tr5-live] B5 exists_of_exists_mem: ranks 1-5 (5 programs) ...
[tr5-live] B5 isGreatest_union_iff: ranks 1-5 (5 programs) ...
[tr5-live] B5 isLeast_union_iff: ranks 1-5 (5 programs) ...
[tr5-live] B5 mem_lowerBounds_iff_subset_Ici: ranks 1-5 (5 programs) ...
[tr6-live] B5: live=135 total_success=9 new_this_stage=9 rank_hist={1: 1, 2: 4, 3: 2, 4: 1, 5: 1}
