[rc4c-attrib] Finset.biUnion_subset_iff_forall_subset: controls + d2 over ['Finset.biUnion_subset'] ...
[rc4c-attrib] List.Forall.imp: controls + d2 over ['List.forall_iff_forall_mem'] ...
[rc4c-attrib] Multiset.disjoint_add_right: controls + d2 over ['Multiset.disjoint_left', 'Multiset.disjoint_right'] ...
[rc4c-attrib] Set.Nonempty.subset_pair_iff_eq: controls + d2 over ['Set.subset_pair_iff_eq'] ...
[rc4c-attrib] Multiset.disjoint_add_left: controls + d2 over ['Multiset.disjoint_left', 'Multiset.disjoint_right'] ...
[rc4c-attrib] Multiset.disjoint_cons_left: controls + d2 over ['Multiset.disjoint_left', 'Multiset.disjoint_right'] ...
[rc4c-attrib] Set.disjoint_iUnion_left: controls + d2 over ['Set.disjoint_left'] ...
[rc4c-attrib] Set.disjoint_iUnion_right: controls + d2 over ['Set.disjoint_left'] ...
[rc4c-attrib] Set.disjoint_iff_forall_ne: controls + d2 over ['Set.disjoint_left'] ...
[rc4c-attrib] Set.disjoint_right: controls + d2 over ['Set.disjoint_left'] ...
[rc4c-attrib] Set.disjoint_sUnion_left: controls + d2 over ['Set.disjoint_left'] ...
[rc4c-attrib] Set.disjoint_sUnion_right: controls + d2 over ['Set.disjoint_left'] ...
[rc4c-attrib] List.forall_map_iff: controls + d2 over ['List.forall_iff_forall_mem'] ...
[rc4c-attrib] Multiset.disjoint_iff_ne: controls + d2 over ['Multiset.disjoint_left', 'Multiset.disjoint_right'] ...
[rc4c-attrib] Multiset.disjoint_right: controls + d2 over ['Multiset.disjoint_left', 'Multiset.disjoint_right'] ...
[rc4c-attrib] Multiset.disjoint_singleton: controls + d2 over ['Multiset.disjoint_left', 'Multiset.disjoint_right'] ...
[rc4c-attrib] Multiset.disjoint_union_left: controls + d2 over ['Multiset.disjoint_left', 'Multiset.disjoint_right'] ...
[rc4c-attrib] Multiset.singleton_disjoint: controls + d2 over ['Multiset.disjoint_left', 'Multiset.disjoint_right'] ...
[rc4c-attrib] Multiset.zero_disjoint: controls + d2 over ['Multiset.disjoint_left', 'Multiset.disjoint_right'] ...
[rc4c-attrib] {'SIMP_ONLY_DUPLICATE': 4, 'TRUE_D2_SIMP_AESOP_WIN': 7, 'TRUE_D2_SIMP_AESOP_OVERLAP_RC4B': 8}
[rc4c-attrib] pure_rc4c=7 ['List.Forall.imp', 'Multiset.disjoint_add_right', 'Set.Nonempty.subset_pair_iff_eq', 'Multiset.disjoint_add_left', 'Multiset.disjoint_iff_ne', 'Multiset.disjoint_union_left', 'Multiset.singleton_disjoint']; overlap_rc4b=8; simp_only=4
