# v5 wave6 — v5-wave6-20260522-121607-e99584

- variants: 5
- baseline (v5-00): 26/38

## cycle 1 — v5-34-w6-dvd-alt
- wave6: dvd term-mode alternatives
  [v5-34-w6-dvd-alt] running eval (1800s timeout)...
  [v5-34-w6-dvd-alt] eval finished in 205s (rc=0)
- proved: 31 (Δ +5)
- origins: {'tactic_template': 22, 'family_tactic': 2, 'generative_topk': 3, 'fallback_tactic': 4}
- NEW WINS: ['Nat.div_lt_one_iff', 'Nat.div_pos', 'Nat.div_pos_iff', 'Nat.mul_eq_left', 'Nat.mul_eq_right']

## cycle 2 — v5-35-w6-add-mod-ite
- wave6: add_mod_eq_ite via le-shape priorities
  [v5-35-w6-add-mod-ite] running eval (1800s timeout)...
  [v5-35-w6-add-mod-ite] eval finished in 209s (rc=0)
- proved: 31 (Δ +5)
- origins: {'tactic_template': 23, 'family_tactic': 2, 'generative_topk': 3, 'fallback_tactic': 3}
- NEW WINS: ['Nat.div_lt_one_iff', 'Nat.div_pos', 'Nat.div_pos_iff', 'Nat.mul_eq_left', 'Nat.mul_eq_right']

## cycle 3 — v5-36-w6-eq-one-alt
- wave6: eq_one_of_mul via Nat.mul_eq_one
  [v5-36-w6-eq-one-alt] running eval (1800s timeout)...
  [v5-36-w6-eq-one-alt] eval finished in 209s (rc=0)
- proved: 31 (Δ +5)
- origins: {'tactic_template': 23, 'family_tactic': 2, 'generative_topk': 2, 'fallback_tactic': 4}
- NEW WINS: ['Nat.div_lt_one_iff', 'Nat.div_pos', 'Nat.div_pos_iff', 'Nat.mul_eq_left', 'Nat.mul_eq_right']

## cycle 4 — v5-37-w6-div-le-div
- wave6: div_le_div_right lemma forms
  [v5-37-w6-div-le-div] running eval (1800s timeout)...
  [v5-37-w6-div-le-div] eval finished in 207s (rc=0)
- proved: 31 (Δ +5)
- origins: {'tactic_template': 22, 'family_tactic': 2, 'generative_topk': 3, 'fallback_tactic': 4}
- NEW WINS: ['Nat.div_lt_one_iff', 'Nat.div_pos', 'Nat.div_pos_iff', 'Nat.mul_eq_left', 'Nat.mul_eq_right']

## cycle 5 — v5-38-w6-combined
- wave6: all w6 attempts in one variant
  [v5-38-w6-combined] running eval (1800s timeout)...
  [v5-38-w6-combined] eval finished in 208s (rc=0)
- proved: 31 (Δ +5)
- origins: {'tactic_template': 23, 'family_tactic': 2, 'generative_topk': 2, 'fallback_tactic': 4}
- NEW WINS: ['Nat.div_lt_one_iff', 'Nat.div_pos', 'Nat.div_pos_iff', 'Nat.mul_eq_left', 'Nat.mul_eq_right']

## complete — 0.29h, 5 cycles
