[sf1_run_eval] registered 'rc2bench_sf1_frontier_runnable_subset' with 20 theorems (dropped 0 without file_path)
[sf1_run_eval] delegating: eval_rollout_all.py --theorem-set rc2bench_sf1_frontier_runnable_subset --policy-type hybrid_evolved --route-config project/evolve/routing/ns24_router.json --strategy-config project/evolve/experiments/rc2/rc2_candidate_wrapper.json --top-k 8 --max-steps 8 --out-dir project/evolve/experiments/rc2_hardening/out/rc2_candidate_runs/sf1_frontier_runnable_subset

================================================================
  LEAN TACTIC POLICY EVALUATION
================================================================
  Theorem set : rc2bench_sf1_frontier_runnable_subset (20 theorems)
  Checkpoint  : clf_ckpt
  Policy type : hybrid_evolved
  Strategy    : top-8 fallback, max 8 steps
================================================================

RoutedGenerativePolicy: 4 routes, default=project/models/gen_v5_ns12_balanced
  '^Nat\\.' -> project/models/gen_v5_ns15_nat_oversample
  '^Int\\.' -> project/models/gen_v5_ns24_int_minimal_omega_10x
  '^Finset\\.' -> project/models/gen_v5_ns21_finset_aesop_20x
  '^Set\\.' -> project/models/gen_v5_ns12_balanced
[1/20] Set.ssubset_singleton_iff
Loading weights:   0%|          | 0/131 [00:00<?, ?it/s]Loading weights: 100%|██████████| 131/131 [00:00<00:00, 52358.85it/s]
Loaded generative policy from project/models/gen_v5_ns12_balanced (type=seq2seq)
  Base model: project/models/gen_v5
  Unique tactics in training: 104
       FAILED at step 3 (All top-11 tactics errored at step 3)

[2/20] Set.mem_dite_empty_left
       PROVED in 1 step(s) (used 1 fallback(s))
       Proof: aesop

[3/20] Set.ite_eq_of_subset_left
       FAILED at step 2 (All top-13 tactics errored at step 2)

[4/20] Set.antitoneOn_iff_antitone
       FAILED at step 1 (All top-14 tactics errored at step 1)

[5/20] Set.inclusion_self
       PROVED in 1 step(s) (used 1 fallback(s))
       Proof: aesop

[6/20] Set.ite_inter_self
       PROVED in 2 step(s) (used 2 fallback(s))
       Proof: simp [Set.ite] -> aesop

[7/20] Set.ite_inter_compl_self
       PROVED in 2 step(s) (used 2 fallback(s))
       Proof: simp [Set.ite] -> aesop

[8/20] Set.subset_insert_iff
       FAILED at step 3 (All top-11 tactics errored at step 3)

[9/20] Set.inclusion_right
       PROVED in 1 step(s) (used 1 fallback(s))
       Proof: tauto

[10/20] Set.ite_right
       PROVED in 1 step(s) (used 1 fallback(s))
       Proof: simp [Set.ite]

[11/20] Set.pair_diff_left
       PROVED in 1 step(s) (used 1 fallback(s))
       Proof: aesop

[12/20] Set.subset_singleton_iff_eq
       FAILED at step 2 (All top-11 tactics errored at step 2)

[13/20] Set.pair_eq_pair_iff
       FAILED at step 2 (All top-11 tactics errored at step 2)

[14/20] Set.ite_inter
       PROVED in 2 step(s) (used 2 fallback(s))
       Proof: simp [Set.ite] -> aesop

[15/20] Set.not_monotoneOn_not_antitoneOn_iff_exists_le_le
       FAILED at step 2 (All top-11 tactics errored at step 2)

[16/20] Set.diff_singleton_subset_iff
       FAILED at step 5 (All top-11 tactics errored at step 5)

[17/20] Set.ite_empty_right
       PROVED in 1 step(s) (used 1 fallback(s))
       Proof: simp [Set.ite]

[18/20] Set.ite_eq_of_subset_right
       FAILED at step 2 (All top-13 tactics errored at step 2)

[19/20] Set.union_empty_iff
       FAILED at step 4 (All top-11 tactics errored at step 4)

[20/20] Set.inclusion_inclusion
       PROVED in 1 step(s) (used 1 fallback(s))
       Proof: aesop


================================================================
  RESULTS SUMMARY
================================================================

  Theorem                                  Status       Steps  Tactic
  ──────────────────────────────────────── ──────────── ────── ──────────────────────────────
  Set.ssubset_singleton_iff                ERROR        3      
  Set.mem_dite_empty_left                  PROVED       1      aesop
  Set.ite_eq_of_subset_left                ERROR        2      
  Set.antitoneOn_iff_antitone              ERROR        1      
  Set.inclusion_self                       PROVED       1      aesop
  Set.ite_inter_self                       PROVED       2      aesop
  Set.ite_inter_compl_self                 PROVED       2      aesop
  Set.subset_insert_iff                    ERROR        3      
  Set.inclusion_right                      PROVED       1      tauto
  Set.ite_right                            PROVED       1      simp [Set.ite]
  Set.pair_diff_left                       PROVED       1      aesop
  Set.subset_singleton_iff_eq              ERROR        2      
  Set.pair_eq_pair_iff                     ERROR        2      
  Set.ite_inter                            PROVED       2      aesop
  Set.not_monotoneOn_not_antitoneOn_iff_e  ERROR        2      
  Set.diff_singleton_subset_iff            ERROR        5      
  Set.ite_empty_right                      PROVED       1      simp [Set.ite]
  Set.ite_eq_of_subset_right               ERROR        2      
  Set.union_empty_iff                      ERROR        4      
  Set.inclusion_inclusion                  PROVED       1      aesop

  ────────────────────────────────────────────────────────────────
  Total theorems:    20
  Available:         20/20
  Proved:            10/20  (50%)
  Errored:           10/20
  Exhausted:         0/20
  Skipped:           0/20
  Avg steps (proved): 1.3
  Fallbacks used:     13
  Proved by origin:   {'generative_topk': 8, 'tactic_template': 2}
  Family proofs:      {'priority:any:specific': 2}
  Denied tactics:     66 (per-theorem deny-list)
================================================================

Run artifacts: project/evolve/experiments/rc2_hardening/out/rc2_candidate_runs/sf1_frontier_runnable_subset/eval-8d9303f3
