[rc5s-b10] Finset.Nonempty.inf_eq_bot_iff: ranks 6-10 (3 programs, cap 60s) ...
[rc5s-b10] Finset.Nonempty.strong_induction: ranks 6-10 (5 programs, cap 60s) ...
[rc5s-b10] Finset.Nonempty.sup_eq_top_iff: ranks 6-10 (4 programs, cap 60s) ...
[rc5s-b10] Finset.Nontrivial.erase_nonempty: ranks 6-10 (5 programs, cap 60s) ...
[rc5s-b10] Finset.card_mono: ranks 6-10 (5 programs, cap 60s) ...
[rc5s-b10] Finset.card_strictMono: ranks 6-10 (5 programs, cap 60s) ...
[rc5s-b10] Finset.card_union_eq_card_add_card: ranks 6-10 (3 programs, cap 60s) ...
[rc5s-b10] Finset.codisjoint_inf_left: ranks 6-10 (4 programs, cap 60s) ...
[rc5s-b10] Finset.codisjoint_inf_right: ranks 6-10 (4 programs, cap 60s) ...
[rc5s-b10] Finset.comp_inf_eq_inf_comp_of_is_total: ranks 6-10 (4 programs, cap 60s) ...
[rc5s-b10] Finset.comp_sup_eq_sup_comp_of_is_total: ranks 6-10 (4 programs, cap 60s) ...
[rc5s-b10] Finset.disjoint_biUnion_left: ranks 6-10 (2 programs, cap 60s) ...
[rc5s-b10] Finset.disjoint_biUnion_right: ranks 6-10 (3 programs, cap 60s) ...
[rc5s-b10] Finset.disjoint_filter_filter': ranks 6-10 (5 programs, cap 60s) ...
[rc5s-b10] Finset.disjoint_image: ranks 6-10 (4 programs, cap 60s) ...
[rc5s-b10] Finset.disjoint_insert_right: ranks 6-10 (5 programs, cap 60s) ...
[rc5s-b10] Finset.disjoint_map: ranks 6-10 (5 programs, cap 60s) ...
[rc5s-b10] Finset.disjoint_sup_left: ranks 6-10 (4 programs, cap 60s) ...
[rc5s-b10] Finset.disjoint_sup_right: ranks 6-10 (4 programs, cap 60s) ...
[rc5s-b10] Finset.fin_mono: ranks 6-10 (4 programs, cap 60s) ...
[rc5s-b10] Finset.image_mono: ranks 6-10 (5 programs, cap 60s) ...
[rc5s-b10] Finset.max'_image: ranks 6-10 (5 programs, cap 60s) ...
[rc5s-b10] Finset.mem_fin: ranks 6-10 (2 programs, cap 60s) ...
[rc5s-b10] Finset.mem_insert: ranks 6-10 (5 programs, cap 60s) ...
[rc5s-b10] Finset.mem_singleton: ranks 6-10 (5 programs, cap 60s) ...
[rc5s-b10] Finset.min'_image: ranks 6-10 (5 programs, cap 60s) ...
[rc5s-b10] Finset.monotone_preimage: ranks 6-10 (5 programs, cap 60s) ...
[rc5s-b10] Finset.pairwise_cons': ranks 6-10 (4 programs, cap 60s) ...
[rc5s-b10] Finset.powerset_card_disjiUnion: ranks 6-10 (4 programs, cap 60s) ...
[rc5s-b10] Finset.subtype_mono: ranks 6-10 (5 programs, cap 60s) ...
[rc5s-b10] List.Pairwise.pmap: ranks 6-10 (4 programs, cap 60s) ...
[rc5s-b10] List.Pairwise.set_pairwise: ranks 6-10 (5 programs, cap 60s) ...
[rc5s-b10] List.Sublist.antisymm: ranks 6-10 (5 programs, cap 60s) ...
[rc5s-b10] List.Sublist.map: ranks 6-10 (5 programs, cap 60s) ...
[rc5s-b10] List.Sublist.tail: ranks 6-10 (5 programs, cap 60s) ...
[rc5s-b10] List.append_cons_inj_of_not_mem: ranks 6-10 (4 programs, cap 60s) ...
[rc5s-b10] List.append_left_eq_self: ranks 6-10 (4 programs, cap 60s) ...
[rc5s-b10] List.append_right_eq_self: ranks 6-10 (4 programs, cap 60s) ...
[rc5s-b10] List.attach_eq_nil: ranks 6-10 (4 programs, cap 60s) ...
[rc5s-b10] List.disjoint_map: ranks 6-10 (3 programs, cap 60s) ...
[rc5s-b10] List.disjoint_pmap: ranks 6-10 (4 programs, cap 60s) ...
[rc5s-b10] List.perm_of_nodup_nodup_toFinset_eq: ranks 6-10 (4 programs, cap 60s) ...
[rc5s-b10] List.toFinset.ext_iff: ranks 6-10 (3 programs, cap 60s) ...
[rc5s-b10] Multiset.Disjoint.symm: ranks 6-10 (5 programs, cap 60s) ...
[rc5s-b10] Multiset.Nodup.le_nsmul_iff_le: ranks 6-10 (4 programs, cap 60s) ...
[rc5s-b10] Multiset.Rel.countP_eq: ranks 6-10 (4 programs, cap 60s) ...
[rc5s-b10] Multiset.Rel.mono: ranks 6-10 (5 programs, cap 60s) ...
[rc5s-b10] Multiset.Subset.refl: ranks 6-10 (4 programs, cap 60s) ...
[rc5s-b10] Multiset.Subset.trans: ranks 6-10 (5 programs, cap 60s) ...
[rc5s-b10] Multiset.addHom_ext: ranks 6-10 (5 programs, cap 60s) ...
[rc5s-b10] Multiset.add_cons: ranks 6-10 (4 programs, cap 60s) ...
[rc5s-b10] Multiset.add_eq_union_right_of_le: ranks 6-10 (5 programs, cap 60s) ...
[rc5s-b10] Multiset.add_product: ranks 6-10 (4 programs, cap 60s) ...
[rc5s-b10] Multiset.add_sigma: ranks 6-10 (5 programs, cap 60s) ...
[rc5s-b10] Multiset.add_singleton_eq_iff: ranks 6-10 (3 programs, cap 60s) ...
[rc5s-b10] Multiset.add_union_distrib: ranks 6-10 (4 programs, cap 60s) ...
[rc5s-b10] Multiset.attach_bind_coe: ranks 6-10 (5 programs, cap 60s) ...
[rc5s-b10] Multiset.attach_cons: ranks 6-10 (5 programs, cap 60s) ...
[rc5s-b10] Multiset.attach_map_val: ranks 6-10 (3 programs, cap 60s) ...
[rc5s-b10] Multiset.attach_map_val': ranks 6-10 (3 programs, cap 60s) ...
[rc5s-b10] Multiset.disjoint_comm: ranks 6-10 (5 programs, cap 60s) ...
[rc5s-b10] Nat.add_div_of_dvd_left: ranks 6-10 (5 programs, cap 60s) ...
[rc5s-b10] Nat.add_div_of_dvd_right: ranks 6-10 (5 programs, cap 60s) ...
[rc5s-b10] Nat.add_le_mul: ranks 6-10 (5 programs, cap 60s) ...
[rc5s-b10] Nat.clog_anti_left: ranks 6-10 (4 programs, cap 60s) ...
[rc5s-b10] Nat.clog_eq_one: ranks 6-10 (5 programs, cap 60s) ...
[rc5s-b10] Nat.clog_mono_right: ranks 6-10 (5 programs, cap 60s) ...
[rc5s-b10] Nat.clog_of_left_le_one: ranks 6-10 (3 programs, cap 60s) ...
[rc5s-b10] Nat.div_ne_zero_iff: ranks 6-10 (5 programs, cap 60s) ...
[rc5s-b10] Nat.dvd_left_iff_eq: ranks 6-10 (5 programs, cap 60s) ...
[rc5s-b10] Nat.dvd_right_iff_eq: ranks 6-10 (5 programs, cap 60s) ...
[rc5s-b10] Nat.eq_div_of_mul_eq_left: ranks 6-10 (3 programs, cap 60s) ...
[rc5s-b10] Nat.eq_mul_of_div_eq_left: ranks 6-10 (3 programs, cap 60s) ...
[rc5s-b10] Nat.find_eq_zero: ranks 6-10 (5 programs, cap 60s) ...
[rc5s-b10] Nat.forall_lt_succ: ranks 6-10 (5 programs, cap 60s) ...
[rc5s-b10] Nat.le_of_mul_le_mul_right: ranks 6-10 (5 programs, cap 60s) ...
[rc5s-b10] Nat.mod_eq_iff_lt: ranks 6-10 (5 programs, cap 60s) ...
[rc5s-b10] Nat.mod_mul_mod: ranks 6-10 (5 programs, cap 60s) ...
[rc5s-b10] Nat.one_le_pow: ranks 6-10 (5 programs, cap 60s) ...
[rc5s-b10] Nat.sqrt_lt': ranks 6-10 (5 programs, cap 60s) ...
[rc5s-b10] Nat.sqrt_pos: ranks 6-10 (5 programs, cap 60s) ...
[rc5s-b10] Nat.zero_eq_mul: ranks 6-10 (5 programs, cap 60s) ...
[rc5s-b10] Set.BijOn.congr: ranks 6-10 (4 programs, cap 60s) ...
[rc5s-b10] Set.disjoint_sUnion_right: ranks 6-10 (3 programs, cap 60s) ...
[rc5s-b10] Set.mapsTo_singleton: ranks 6-10 (5 programs, cap 60s) ...
[rc5s-b10] eligible=85 new_wins=0 killed=0 wall=854.9s recommend=B5_ONLY
