[tr3-depth] Multiset.toFinset_eq_singleton_iff: 54 programs ...
[tr3-depth] Set.diff_singleton_subset_iff: 47 programs ...
[tr3-depth] Set.ite_eq_of_subset_left: 51 programs ...
[tr3-depth] Set.ite_eq_of_subset_right: 51 programs ...
[tr3-depth] Set.not_monotoneOn_not_antitoneOn_iff_exists_le_le: 53 programs ...
[tr3-depth] Set.not_monotoneOn_not_antitoneOn_iff_exists_lt_lt: 53 programs ...
[tr3-depth] Set.pair_eq_pair_iff: 52 programs ...
[tr3-depth] Set.ssubset_iff_insert: 50 programs ...
[tr3-depth] Set.ssubset_iff_sdiff_singleton: 51 programs ...
[tr3-depth] Set.ssubset_singleton_iff: 51 programs ...
[tr3-depth] Set.subset_insert_iff: 49 programs ...
[tr3-depth] Set.subset_ite: 47 programs ...
[tr3-depth] Set.subset_pair_iff_eq: 52 programs ...
[tr3-depth] Set.subset_singleton_iff_eq: 52 programs ...
[tr3-depth] Set.union_empty_iff: 52 programs ...
[tr3-depth] Set.Nonempty.subset_pair_iff_eq: 52 programs ...
[tr3-depth] Set.antitoneOn_iff_antitone: 49 programs ...
[tr3-depth] Set.monotoneOn_iff_monotone: 48 programs ...
[tr3-depth] Set.strictAntiOn_iff_strictAnti: 53 programs ...
[tr3-depth] Set.strictMonoOn_iff_strictMono: 45 programs ...
[tr3-depth] Eq.subset: 44 programs ...
[tr3-depth] Function.Injective.nonempty_apply_iff: 44 programs ...
[tr3-depth] Prop.compl_singleton: 47 programs ...
[tr3-depth] Set.eq_of_inclusion_surjective: 55 programs ...
[tr3-depth] Set.ite_inter_of_inter_eq: 54 programs ...
[tr3-depth] Set.pairwiseDisjoint_filter: 35 programs ...
[tr3-depth] Set.powerset_singleton: 48 programs ...
[tr3-depth] Finset.Nonempty.cons_induction: 36 programs ...
[tr3-depth] Finset.Nontrivial.exists_cons_eq: 40 programs ...
[tr3-depth] Finset.Nontrivial.sdiff_singleton_nonempty: 41 programs ...
[tr3-depth] Finset.cons_induction: 36 programs ...
[tr3-depth] Finset.disjoint_filter_filter': 40 programs ...
[tr3-depth] Finset.eq_singleton_iff_nonempty_unique_mem: 52 programs ...
[tr3-depth] Finset.erase_inj: 52 programs ...
[tr3-depth] Finset.erase_nonempty: 50 programs ...
[tr3-depth] Finset.induction_on_union: 40 programs ...
[tr3-depth] Finset.insert_erase: 45 programs ...
[tr3-depth] Finset.inter_subset_inter: 35 programs ...
[tr3-depth] Finset.mem_disjUnion: 52 programs ...
[tr3-depth] Finset.pairwise_cons': 39 programs ...
[tr3-depth] Finset.range_filter_eq: 48 programs ...
[tr3-depth] Finset.sizeOf_lt_sizeOf_of_mem: 41 programs ...
[tr3-depth] Finset.ssubset_iff_exists_cons_subset: 51 programs ...
[tr3-depth] Finset.ssubset_iff_exists_subset_erase: 52 programs ...
[tr3-depth] Finset.subset_union_elim: 45 programs ...
[tr3-depth] List.perm_of_nodup_nodup_toFinset_eq: 55 programs ...
[tr3-depth] List.toFinset.ext_iff: 52 programs ...
[tr3-depth] List.toFinset_eq: 56 programs ...
[tr3-depth] List.toFinset_eq_empty_iff: 54 programs ...
[tr3-depth] List.toFinset_eq_iff_perm_dedup: 54 programs ...
[tr3-depth] List.toFinset_filter: 55 programs ...
[tr3-depth] List.toFinset_nonempty_iff: 54 programs ...
[tr3-depth] List.toFinset_surj_on: 49 programs ...
[tr3-depth] Multiset.Nodup.toFinset_inj: 47 programs ...
[tr3-depth] Multiset.toFinset_ssubset: 53 programs ...
[tr3-depth] Multiset.toFinset_subset: 54 programs ...
[tr3-depth] Nat.add_sub_one_le_mul: 49 programs ...
[tr3-depth] Nat.diag_induction: 49 programs ...
[tr3-depth] Nat.div_div_div_eq_div: 48 programs ...
[tr3-depth] Nat.div_eq_iff_eq_of_dvd_dvd: 54 programs ...
[tr3-depth] Nat.div_eq_self: 54 programs ...
[tr3-depth] Nat.div_eq_sub_mod_div: 45 programs ...
[tr3-depth] Nat.div_le_of_le_mul': 44 programs ...
[tr3-depth] Nat.div_le_self': 40 programs ...
[tr3-depth] Nat.div_mul_div_comm: 41 programs ...
[tr3-depth] Nat.div_mul_div_le: 38 programs ...
[tr3-depth] Nat.div_mul_div_le_div: 40 programs ...
[tr3-depth] Nat.div_pow: 42 programs ...
[tr3-depth] Nat.dvd_sub': 42 programs ...
[tr3-depth] Nat.eq_of_dvd_of_lt_two_mul: 41 programs ...
[tr3-depth] Nat.findGreatest_eq_iff: 55 programs ...
[tr3-depth] Nat.findGreatest_mono_left: 40 programs ...
[tr3-depth] Nat.findGreatest_mono_right: 41 programs ...
[tr3-depth] Nat.findGreatest_spec: 44 programs ...
[tr3-depth] Nat.find_add: 47 programs ...
[tr3-depth] Nat.find_eq_iff: 55 programs ...
[tr3-depth] Nat.leRecOn_injective: 47 programs ...
[tr3-depth] Nat.leRecOn_surjective: 47 programs ...
[tr3-depth] Nat.le_induction: 45 programs ...
[tr3-depth] Nat.not_dvd_of_pos_of_lt: 39 programs ...
[tr3-depth] Nat.not_two_dvd_bit1: 46 programs ...
[tr3-depth] Nat.one_lt_mul_iff: 54 programs ...
[tr3-depth] Nat.sqrt.iter_sq_le: 38 programs ...
[tr3-depth] Nat.sqrt.lt_iter_succ_sq: 38 programs ...
[tr3-depth] Set.Nonempty.eq_univ: 41 programs ...
[tr3-depth] Set.compl_union_self: 54 programs ...
[tr3-depth] Set.diff_singleton_sSubset: 48 programs ...
[tr3-depth] Set.disjoint_iff_forall_ne: 53 programs ...
[tr3-depth] Set.disjoint_right: 52 programs ...
[tr3-depth] Set.disjoint_singleton_left: 52 programs ...
[tr3-depth] Set.insert_subset_insert_iff: 52 programs ...
[tr3-depth] Set.nonempty_compl_of_nontrivial: 45 programs ...
[tr3-depth] done: live=92/92 {'candidate_win': 12, 'no_win': 79, 'baseline_duplicate': 1, 'needs_review': 0}
