[rc4d-attrib] Finset.mem_disjUnion: ['simp', 'simp_all', 'aesop', 'classical <;> aesop', 'simp [Finset.disjUnion]'] ...
[rc4d-attrib] Set.antitoneOn_iff_antitone: ['simp', 'simp_all', 'aesop', 'classical <;> aesop', 'simp [Antitone, AntitoneOn]'] ...
[rc4d-attrib] Set.monotoneOn_iff_monotone: ['simp', 'simp_all', 'aesop', 'classical <;> aesop', 'simp [Monotone, MonotoneOn]'] ...
[rc4d-attrib] Set.strictAntiOn_iff_strictAnti: ['simp', 'simp_all', 'aesop', 'classical <;> aesop', 'simp [StrictAnti, StrictAntiOn]'] ...
[rc4d-attrib] Set.strictMonoOn_iff_strictMono: ['simp', 'simp_all', 'aesop', 'classical <;> aesop', 'simp [StrictMono, StrictMonoOn]'] ...
[rc4d-attrib] Multiset.disjoint_add_left: ['simp', 'simp_all', 'aesop', 'classical <;> aesop', 'simp [Multiset.disjoint_left] <;> aesop', 'simp [Multiset.disjoint_left]', 'exact Multiset.disjoint_left', 'simpa using Multiset.disjoint_left'] ...
[rc4d-attrib] Multiset.disjoint_add_right: ['simp', 'simp_all', 'aesop', 'classical <;> aesop', 'simp [Multiset.disjoint_left] <;> aesop', 'simp [Multiset.disjoint_left]', 'exact Multiset.disjoint_left', 'simpa using Multiset.disjoint_left'] ...
[rc4d-attrib] Multiset.disjoint_cons_left: ['simp', 'simp_all', 'aesop', 'classical <;> aesop', 'simp [Multiset.disjoint_left]', 'simp [Multiset.disjoint_left] <;> aesop', 'exact Multiset.disjoint_left', 'simpa using Multiset.disjoint_left'] ...
[rc4d-attrib] Multiset.disjoint_iff_ne: ['simp', 'simp_all', 'aesop', 'classical <;> aesop', 'simp [Multiset.disjoint_left] <;> aesop', 'simp [Multiset.disjoint_left]', 'exact Multiset.disjoint_left', 'simpa using Multiset.disjoint_left'] ...
[rc4d-attrib] Multiset.disjoint_right: ['simp', 'simp_all', 'aesop', 'classical <;> aesop', 'simp [Multiset.disjoint_left] <;> aesop', 'simp [Multiset.disjoint_left]', 'exact Multiset.disjoint_left', 'simpa using Multiset.disjoint_left'] ...
[rc4d-attrib] Multiset.disjoint_singleton: ['simp', 'simp_all', 'aesop', 'classical <;> aesop', 'simp [Multiset.disjoint_left] <;> aesop', 'simp [Multiset.disjoint_left]', 'exact Multiset.disjoint_left', 'simpa using Multiset.disjoint_left'] ...
[rc4d-attrib] Multiset.disjoint_union_left: ['simp', 'simp_all', 'aesop', 'classical <;> aesop', 'simp [Multiset.disjoint_left] <;> aesop', 'simp [Multiset.disjoint_left]', 'exact Multiset.disjoint_left', 'simpa using Multiset.disjoint_left'] ...
[rc4d-attrib] Multiset.singleton_disjoint: ['simp', 'simp_all', 'aesop', 'classical <;> aesop', 'simp [Multiset.disjoint_left]', 'simp [Multiset.disjoint_left] <;> aesop', 'exact Multiset.disjoint_left', 'simpa using Multiset.disjoint_left'] ...
[rc4d-attrib] Multiset.zero_disjoint: ['simp', 'simp_all', 'aesop', 'classical <;> aesop', 'simp [Multiset.disjoint_left]', 'simp [Multiset.disjoint_left] <;> aesop', 'exact Multiset.disjoint_left', 'simpa using Multiset.disjoint_left'] ...
[rc4d-attrib] Set.disjoint_iUnion_left: ['simp', 'simp_all', 'aesop', 'classical <;> aesop', 'simp [Set.disjoint_left] <;> aesop', 'simp [Set.disjoint_left]', 'exact Set.disjoint_left', 'simpa using Set.disjoint_left'] ...
[rc4d-attrib] Set.disjoint_iUnion_right: ['simp', 'simp_all', 'aesop', 'classical <;> aesop', 'simp [Set.disjoint_left] <;> aesop', 'simp [Set.disjoint_left]', 'exact Set.disjoint_left', 'simpa using Set.disjoint_left'] ...
[rc4d-attrib] Set.disjoint_iff_forall_ne: ['simp', 'simp_all', 'aesop', 'classical <;> aesop', 'simp [Set.disjoint_left] <;> aesop', 'simp [Set.disjoint_left]', 'exact Set.disjoint_left', 'simpa using Set.disjoint_left'] ...
[rc4d-attrib] Set.disjoint_right: ['simp', 'simp_all', 'aesop', 'classical <;> aesop', 'simp [Set.disjoint_left] <;> aesop', 'simp [Set.disjoint_left]', 'exact Set.disjoint_left', 'simpa using Set.disjoint_left'] ...
[rc4d-attrib] Set.disjoint_sUnion_left: ['simp', 'simp_all', 'aesop', 'classical <;> aesop', 'simp [Set.disjoint_left] <;> aesop', 'simp [Set.disjoint_left]', 'exact Set.disjoint_left', 'simpa using Set.disjoint_left'] ...
[rc4d-attrib] Set.disjoint_sUnion_right: ['simp', 'simp_all', 'aesop', 'classical <;> aesop', 'simp [Set.disjoint_left] <;> aesop', 'simp [Set.disjoint_left]', 'exact Set.disjoint_left', 'simpa using Set.disjoint_left'] ...
[rc4d-attrib] Set.disjoint_singleton_left: ['simp', 'simp_all', 'aesop', 'classical <;> aesop', 'simp [Set.disjoint_left]', 'simp [Set.disjoint_left] <;> aesop', 'exact Set.disjoint_left', 'simpa using Set.disjoint_left'] ...
[rc4d-attrib] List.Forall.imp: ['simp', 'simp_all', 'aesop', 'classical <;> aesop', 'simp [List.forall_iff_forall_mem] <;> aesop', 'simp [List.forall_iff_forall_mem]', 'exact List.forall_iff_forall_mem', 'simpa using List.forall_iff_forall_mem'] ...
[rc4d-attrib] Set.Nonempty.subset_pair_iff_eq: ['simp', 'simp_all', 'aesop', 'classical <;> aesop', 'simp [Set.subset_pair_iff_eq] <;> aesop', 'simp [Set.subset_pair_iff_eq]', 'exact Set.subset_pair_iff_eq', 'simpa using Set.subset_pair_iff_eq'] ...
[rc4d-attrib] List.forall_map_iff: ['simp', 'simp_all', 'aesop', 'classical <;> aesop', 'simp [List.forall_iff_forall_mem]', 'simp [List.forall_iff_forall_mem] <;> aesop', 'exact List.forall_iff_forall_mem', 'simpa using List.forall_iff_forall_mem'] ...
[rc4d-attrib] {'TRUE_RC4A_WIN': 5, 'TRUE_RC4B_WIN': 16, 'TRUE_RC4C_RESIDUE_WIN': 2, 'SIMP_ONLY_DUPLICATE': 1}
[rc4d-attrib] credited=23 by_comp={'RC4A': 5, 'RC4B': 16, 'RC4C_residue': 2} fresh=[] overlap_removed=['Multiset.disjoint_add_left', 'Multiset.disjoint_add_right', 'Multiset.disjoint_cons_left', 'Multiset.disjoint_iff_ne', 'Multiset.disjoint_right', 'Multiset.disjoint_singleton', 'Multiset.disjoint_union_left', 'Multiset.singleton_disjoint', 'Multiset.zero_disjoint']
