[rc5s-b5] Finset.biUnion_subset_biUnion_of_subset_left: ranks 1-5 (5 programs, cap 60s) ...
[rc5s-b5] Finset.disjoint_filter: ranks 1-5 (5 programs, cap 60s) ...
[rc5s-b5] Finset.disjoint_range_addLeftEmbedding: ranks 1-5 (5 programs, cap 60s) ...
[rc5s-b5] Finset.disjoint_range_addRightEmbedding: ranks 1-5 (5 programs, cap 60s) ...
[rc5s-b5] Finset.erase_image_subset_image_erase: ranks 1-5 (5 programs, cap 60s) ...
[rc5s-b5] Finset.exists_of_one_lt_card_pi: ranks 1-5 (5 programs, cap 60s) ...
[rc5s-b5] Finset.fiber_nonempty_iff_mem_image: ranks 1-5 (5 programs, cap 60s) ...
[rc5s-b5] Finset.filterMap_mono: ranks 1-5 (5 programs, cap 60s) ...
[rc5s-b5] Finset.filter_attach: ranks 1-5 (5 programs, cap 60s) ...
[rc5s-b5] Finset.filter_attach': ranks 1-5 (5 programs, cap 60s) ...
[rc5s-b5] Finset.fin_map: ranks 1-5 (5 programs, cap 60s) ...
[rc5s-b5] Finset.image_inter_subset: ranks 1-5 (5 programs, cap 60s) ...
[rc5s-b5] Finset.image_subset_image: ranks 1-5 (5 programs, cap 60s) ...
[rc5s-b5] Finset.image_val_of_injOn: ranks 1-5 (5 programs, cap 60s) ...
[rc5s-b5] Finset.map_eq_of_subset: ranks 1-5 (5 programs, cap 60s) ...
[rc5s-b5] Finset.map_ofDual_max: ranks 1-5 (5 programs, cap 60s) ...
[rc5s-b5] Finset.map_ofDual_min: ranks 1-5 (5 programs, cap 60s) ...
[rc5s-b5] Finset.map_toDual_max: ranks 1-5 (5 programs, cap 60s) ...
[rc5s-b5] Finset.map_toDual_min: ranks 1-5 (5 programs, cap 60s) ...
[rc5s-b5] Finset.mem_filterMap: ranks 1-5 (5 programs, cap 60s) ...
[rc5s-b5] Finset.preimage_subset: ranks 1-5 (5 programs, cap 60s) ...
[rc5s-b5] Finset.subset_biUnion_of_mem: ranks 1-5 (5 programs, cap 60s) ...
[rc5s-b5] Finset.subset_set_biUnion_of_mem: ranks 1-5 (5 programs, cap 60s) ...
[rc5s-b5] List.attach_map_coe': ranks 1-5 (5 programs, cap 60s) ...
[rc5s-b5] List.attach_map_val: ranks 1-5 (5 programs, cap 60s) ...
[rc5s-b5] List.attach_map_val': ranks 1-5 (5 programs, cap 60s) ...
[rc5s-b5] List.bind_congr: ranks 1-5 (5 programs, cap 60s) ...
[rc5s-b5] List.bind_eq_bind: ranks 1-5 (5 programs, cap 60s) ...
[rc5s-b5] List.bind_pure_eq_map: ranks 1-5 (5 programs, cap 60s) ...
[rc5s-b5] List.bind_ret_eq_map: ranks 1-5 (5 programs, cap 60s) ...
[rc5s-b5] List.choose_mem: ranks 1-5 (5 programs, cap 60s) ...
[rc5s-b5] List.count_map_of_injective: ranks 1-5 (5 programs, cap 60s) ...
[rc5s-b5] List.dedup_cons_of_mem: ranks 1-5 (5 programs, cap 60s) ...
[rc5s-b5] List.dedup_cons_of_mem': ranks 1-5 (5 programs, cap 60s) ...
[rc5s-b5] List.dedup_cons_of_not_mem: ranks 1-5 (5 programs, cap 60s) ...
[rc5s-b5] List.dedup_cons_of_not_mem': ranks 1-5 (5 programs, cap 60s) ...
[rc5s-b5] List.filterMap_congr: ranks 1-5 (5 programs, cap 60s) ...
[rc5s-b5] List.filterMap_eq_bind_toList: ranks 1-5 (5 programs, cap 60s) ...
[rc5s-b5] List.filter_attach: ranks 1-5 (5 programs, cap 60s) ...
[rc5s-b5] List.filter_attach': ranks 1-5 (5 programs, cap 60s) ...
[rc5s-b5] List.filter_comm: ranks 1-5 (5 programs, cap 60s) ...
[rc5s-b5] List.filter_eq_foldr: ranks 1-5 (5 programs, cap 60s) ...
[rc5s-b5] List.filter_false: ranks 1-5 (5 programs, cap 60s) ...
[rc5s-b5] List.filter_subset: ranks 1-5 (5 programs, cap 60s) ...
[rc5s-b5] List.finRange_map_get: ranks 1-5 (5 programs, cap 60s) ...
[rc5s-b5] List.getElem_pmap: ranks 1-5 (5 programs, cap 60s) ...
[rc5s-b5] List.getLast_pmap: ranks 1-5 (5 programs, cap 60s) ...
[rc5s-b5] List.get_pmap: ranks 1-5 (5 programs, cap 60s) ...
[rc5s-b5] List.infix_bind_of_mem: ranks 1-5 (5 programs, cap 60s) ...
[rc5s-b5] List.map_filter': ranks 1-5 (5 programs, cap 60s) ...
[rc5s-b5] List.mem_filter_of_mem: ranks 1-5 (5 programs, cap 60s) ...
[rc5s-b5] List.mem_of_mem_filter: ranks 1-5 (5 programs, cap 60s) ...
[rc5s-b5] List.of_mem_filter: ranks 1-5 (5 programs, cap 60s) ...
[rc5s-b5] List.pmap_append: ranks 1-5 (5 programs, cap 60s) ...
[rc5s-b5] List.pmap_append': ranks 1-5 (5 programs, cap 60s) ...
[rc5s-b5] List.pmap_map: ranks 1-5 (5 programs, cap 60s) ...
[rc5s-b5] List.splitOnP_spec: ranks 1-5 (5 programs, cap 60s) ...
[rc5s-b5] Multiset.bind_add: ranks 1-5 (5 programs, cap 60s) ...
[rc5s-b5] Multiset.bind_cons: ranks 1-5 (5 programs, cap 60s) ...
[rc5s-b5] Multiset.coe_mapAddMonoidHom: ranks 1-5 (5 programs, cap 60s) ...
[rc5s-b5] Multiset.countP_eq_countP_filter_add: ranks 1-5 (5 programs, cap 60s) ...
[rc5s-b5] Multiset.countP_map: ranks 1-5 (5 programs, cap 60s) ...
[rc5s-b5] Multiset.count_map: ranks 1-5 (5 programs, cap 60s) ...
[rc5s-b5] Multiset.filterMap_cons_none: ranks 1-5 (5 programs, cap 60s) ...
[rc5s-b5] Multiset.filterMap_cons_some: ranks 1-5 (5 programs, cap 60s) ...
[rc5s-b5] Multiset.filterMap_eq_filter: ranks 1-5 (5 programs, cap 60s) ...
[rc5s-b5] Multiset.filterMap_eq_map: ranks 1-5 (5 programs, cap 60s) ...
[rc5s-b5] Multiset.filterMap_filter: ranks 1-5 (5 programs, cap 60s) ...
[rc5s-b5] Multiset.filterMap_filterMap: ranks 1-5 (5 programs, cap 60s) ...
[rc5s-b5] Multiset.filterMap_le_filterMap: ranks 1-5 (5 programs, cap 60s) ...
[rc5s-b5] Multiset.filterMap_map: ranks 1-5 (5 programs, cap 60s) ...
[rc5s-b5] Multiset.filterMap_some: ranks 1-5 (5 programs, cap 60s) ...
[rc5s-b5] Multiset.filter_add: ranks 1-5 (5 programs, cap 60s) ...
[rc5s-b5] Multiset.filter_add_filter: ranks 1-5 (5 programs, cap 60s) ...
[rc5s-b5] Multiset.filter_add_not: ranks 1-5 (5 programs, cap 60s) ...
[rc5s-b5] Multiset.filter_attach: ranks 1-5 (5 programs, cap 60s) ...
[rc5s-b5] Multiset.filter_attach': ranks 1-5 (5 programs, cap 60s) ...
[rc5s-b5] Multiset.filter_filterMap: ranks 1-5 (5 programs, cap 60s) ...
[rc5s-b5] Multiset.filter_map: ranks 1-5 (5 programs, cap 60s) ...
[rc5s-b5] Multiset.forall_mem_map_iff: ranks 1-5 (5 programs, cap 60s) ...
[rc5s-b5] Multiset.map_count_True_eq_filter_card: ranks 1-5 (5 programs, cap 60s) ...
[rc5s-b5] Multiset.map_erase_of_mem: ranks 1-5 (5 programs, cap 60s) ...
[rc5s-b5] Multiset.map_filter': ranks 1-5 (5 programs, cap 60s) ...
[rc5s-b5] Multiset.map_filterMap: ranks 1-5 (5 programs, cap 60s) ...
[rc5s-b5] Multiset.map_filterMap_of_inv: ranks 1-5 (5 programs, cap 60s) ...
[rc5s-b5] Multiset.mem_bind: ranks 1-5 (5 programs, cap 60s) ...
[rc5s-b5] Multiset.mem_filter: ranks 1-5 (5 programs, cap 60s) ...
[rc5s-b5] Multiset.mem_filterMap: ranks 1-5 (5 programs, cap 60s) ...
[rc5s-b5] Nat.div_add_mod': ranks 1-5 (5 programs, cap 60s) ...
[rc5s-b5] Nat.div_dvd_iff_dvd_mul: ranks 1-5 (5 programs, cap 60s) ...
[rc5s-b5] Nat.div_lt_div_of_lt_of_dvd: ranks 1-5 (5 programs, cap 60s) ...
[rc5s-b5] Nat.div_mod_unique: ranks 1-5 (5 programs, cap 60s) ...
[rc5s-b5] Nat.div_ne_zero_iff_of_dvd: ranks 1-5 (5 programs, cap 60s) ...
[rc5s-b5] Nat.dvd_div_iff_mul_dvd: ranks 1-5 (5 programs, cap 60s) ...
[rc5s-b5] Nat.dvd_iff_le_div_mul: ranks 1-5 (5 programs, cap 60s) ...
[rc5s-b5] Nat.eq_of_dvd_of_div_eq_one: ranks 1-5 (5 programs, cap 60s) ...
[rc5s-b5] Nat.eq_zero_of_dvd_of_div_eq_zero: ranks 1-5 (5 programs, cap 60s) ...
[rc5s-b5] Nat.eq_zero_of_dvd_of_lt: ranks 1-5 (5 programs, cap 60s) ...
[rc5s-b5] Nat.exists_lt_succ: ranks 1-5 (5 programs, cap 60s) ...
[rc5s-b5] Nat.le_mod_add_mod_of_dvd_add_of_not_dvd: ranks 1-5 (5 programs, cap 60s) ...
[rc5s-b5] Nat.le_of_lt_add_of_dvd: ranks 1-5 (5 programs, cap 60s) ...
[rc5s-b5] Nat.le_self_pow: ranks 1-5 (5 programs, cap 60s) ...
[rc5s-b5] Nat.lt_div_iff_mul_lt: ranks 1-5 (5 programs, cap 60s) ...
[rc5s-b5] Nat.lt_div_mul_add: ranks 1-5 (5 programs, cap 60s) ...
[rc5s-b5] Nat.lt_mul_div_succ: ranks 1-5 (5 programs, cap 60s) ...
[rc5s-b5] Nat.lt_mul_of_div_lt: ranks 1-5 (5 programs, cap 60s) ...
[rc5s-b5] Nat.lt_of_div_lt_div: ranks 1-5 (5 programs, cap 60s) ...
[rc5s-b5] Nat.lt_of_pow_dvd_right: ranks 1-5 (5 programs, cap 60s) ...
[rc5s-b5] Nat.lt_succ_sqrt: ranks 1-5 (5 programs, cap 60s) ...
[rc5s-b5] Nat.lt_succ_sqrt': ranks 1-5 (5 programs, cap 60s) ...
[rc5s-b5] Nat.mod_add_div': ranks 1-5 (5 programs, cap 60s) ...
[rc5s-b5] Nat.mod_succ_eq_iff_lt: ranks 1-5 (5 programs, cap 60s) ...
[rc5s-b5] Nat.mul_div_eq_iff_dvd: ranks 1-5 (5 programs, cap 60s) ...
[rc5s-b5] Nat.mul_div_lt_iff_not_dvd: ranks 1-5 (5 programs, cap 60s) ...
[rc5s-b5] Nat.mul_lt_mul_pow_succ: ranks 1-5 (5 programs, cap 60s) ...
[rc5s-b5] Nat.not_dvd_iff_between_consec_multiples: ranks 1-5 (5 programs, cap 60s) ...
[rc5s-b5] Nat.sqrt_mul_sqrt_lt_succ: ranks 1-5 (5 programs, cap 60s) ...
[rc5s-b5] Nat.sqrt_mul_sqrt_lt_succ': ranks 1-5 (5 programs, cap 60s) ...
[rc5s-b5] Nat.succ_div_of_dvd: ranks 1-5 (5 programs, cap 60s) ...
[rc5s-b5] Nat.succ_div_of_not_dvd: ranks 1-5 (5 programs, cap 60s) ...
[rc5s-b5] Set.BijOn.exists_extend_of_subset: ranks 1-5 (5 programs, cap 60s) ...
[rc5s-b5] Set.BijOn.image_eq: ranks 1-5 (5 programs, cap 60s) ...
[rc5s-b5] Set.BijOn.iterate: ranks 1-5 (5 programs, cap 60s) ...
[rc5s-b5] Set.BijOn.subset_left: ranks 1-5 (5 programs, cap 60s) ...
[rc5s-b5] Set.BijOn.subset_range: ranks 1-5 (5 programs, cap 60s) ...
[rc5s-b5] Set.BijOn.subset_right: ranks 1-5 (5 programs, cap 60s) ...
[rc5s-b5] Set.EqOn.image_eq: ranks 1-5 (5 programs, cap 60s) ...
[rc5s-b5] Set.EqOn.image_eq_self: ranks 1-5 (5 programs, cap 60s) ...
[rc5s-b5] Set.EqOn.inter_preimage_eq: ranks 1-5 (5 programs, cap 60s) ...
[rc5s-b5] Set.InjOn.bijOn_image: ranks 1-5 (5 programs, cap 60s) ...
[rc5s-b5] Set.InjOn.exists_subset_injOn_subset_range_eq: ranks 1-5 (5 programs, cap 60s) ...
[rc5s-b5] Set.InjOn.image: ranks 1-5 (5 programs, cap 60s) ...
[rc5s-b5] Set.InjOn.imageFactorization_injective: ranks 1-5 (5 programs, cap 60s) ...
[rc5s-b5] Set.InjOn.image_diff_subset: ranks 1-5 (5 programs, cap 60s) ...
[rc5s-b5] Set.InjOn.mem_of_mem_image: ranks 1-5 (5 programs, cap 60s) ...
[rc5s-b5] Set.SurjOn.image_invFunOn_image_of_subset: ranks 1-5 (5 programs, cap 60s) ...
[rc5s-b5] Set.biInter_subset_of_mem: ranks 1-5 (5 programs, cap 60s) ...
[rc5s-b5] Set.compl_range_subset_kernImage: ranks 1-5 (5 programs, cap 60s) ...
[rc5s-b5] Set.diff_singleton_sSubset: ranks 1-5 (5 programs, cap 60s) ...
[rc5s-b5] Set.diff_singleton_subset_iff: ranks 1-5 (5 programs, cap 60s) ...
[rc5s-b5] Set.exists_image_eq_injOn_of_subset_range: ranks 1-5 (5 programs, cap 60s) ...
[rc5s-b5] Set.image_iInter: ranks 1-5 (5 programs, cap 60s) ...
[rc5s-b5] Set.preimage_invFun_of_mem: ranks 1-5 (5 programs, cap 60s) ...
[rc5s-b5] Set.preimage_invFun_of_not_mem: ranks 1-5 (5 programs, cap 60s) ...
[rc5s-b5] Set.ssubset_iff_sdiff_singleton: ranks 1-5 (5 programs, cap 60s) ...
[rc5s-b5] Set.ssubset_singleton_iff: ranks 1-5 (5 programs, cap 60s) ...
[rc5s-b5] Set.subset_biUnion_of_mem: ranks 1-5 (5 programs, cap 60s) ...
[rc5s-b5] Set.subset_pair_iff_eq: ranks 1-5 (5 programs, cap 60s) ...
[rc5s-b5] Set.subset_singleton_iff_eq: ranks 1-5 (5 programs, cap 60s) ...
[rc5v2-b5] theorems=149 successes=8 killed=0 no_global_stalls=True max_wall=65.0s
[rc5v2-b5] wins=['Finset.fiber_nonempty_iff_mem_image', "List.attach_map_val'", 'List.choose_mem', 'List.get_pmap', "List.pmap_append'", 'Multiset.map_count_True_eq_filter_card', 'Multiset.mem_bind', 'Set.compl_range_subset_kernImage']
