[fli1-capture] FLI0-S01 Finset.biUnion_nonempty ...
  -> captured q=high 2.32s
[fli1-capture] FLI0-S02 Finset.card_le_card ...
  -> captured q=high 1.86s
[fli1-capture] FLI0-S03 Finset.card_le_one ...
  -> captured q=high 3.42s
[fli1-capture] FLI0-S04 Finset.card_le_one_iff ...
  -> captured q=high 3.34s
[fli1-capture] FLI0-S08 Finset.disjoint_range_addLeftEmbedding ...
  -> captured q=high 2.36s
[fli1-capture] FLI0-S09 Finset.disjoint_range_addRightEmbedding ...
  -> captured q=high 2.43s
[fli1-capture] FLI0-S10 Finset.eq_of_subset_of_card_le ...
  -> captured q=medium 2.36s
[fli1-capture] FLI0-S11 Finset.exists_of_one_lt_card_pi ...
  -> captured q=medium 3.41s
[fli1-capture] FLI0-S12 Finset.exists_subset_card_eq ...
  -> captured q=medium 3.04s
[fli1-capture] FLI0-S13 Finset.filter_attach' ...
  -> captured q=medium 2.22s
[fli1-capture] FLI0-S14 Finset.map_eq_of_subset ...
  -> captured q=medium 2.4s
[fli1-capture] FLI0-S21 List.attach_map_coe' ...
  -> captured q=medium 9.1s
[fli1-capture] FLI0-S22 List.attach_map_val ...
  -> captured q=medium 9.0s
[fli1-capture] FLI0-S23 List.bind_congr ...
  -> captured q=medium 7.28s
[fli1-capture] FLI0-S24 List.bind_eq_bind ...
  -> captured q=medium 5.39s
[fli1-capture] FLI0-S25 List.bind_pure_eq_map ...
  -> captured q=medium 7.3s
[fli1-capture] FLI0-S26 List.bind_ret_eq_map ...
  -> captured q=medium 7.31s
[fli1-capture] FLI0-S27 List.count_map_of_injective ...
  -> captured q=medium 1.79s
[fli1-capture] FLI0-S33 List.filterMap_congr ...
  -> captured q=medium 10.05s
[fli1-capture] FLI0-S15 Multiset.forall_mem_map_iff ...
  -> captured q=high 6.98s
[fli1-capture] FLI0-S16 Multiset.mem_filter ...
  -> captured q=high 8.35s
[fli1-capture] FLI0-S17 Multiset.mem_filterMap ...
  -> captured q=high 9.0s
[fli1-capture] FLI0-S18 Multiset.one_le_count_iff_mem ...
  -> captured q=high 9.66s
[fli1-capture] FLI0-S37 Nat.coprime_add_mul_left_left ...
  -> captured q=high 2.08s
[fli1-capture] FLI0-S38 Nat.coprime_add_mul_left_right ...
  -> captured q=high 1.95s
[fli1-capture] FLI0-S39 Nat.coprime_add_mul_right_left ...
  -> captured q=high 1.96s
[fli1-capture] FLI0-S40 Nat.coprime_add_mul_right_right ...
  -> captured q=high 1.99s
[fli1-capture] FLI0-S19 Set.InjOn.image_diff_subset ...
  -> captured q=medium 4.03s
[fli1-capture] FLI0-S20 Set.InjOn.image_inter ...
  -> captured q=medium 3.98s
[fli1-capture] FLI0-S05 Finset.card_le_one_iff_subsingleton_coe ...
  -> captured q=high 3.6s
[fli1-capture] FLI0-S06 Finset.card_le_one_of_subsingleton ...
  -> captured q=high 3.53s
[fli1-capture] FLI0-S07 Finset.card_singleton_inter ...
  -> captured q=high 2.14s
[fli1-capture] FLI0-S35 Set.inter_empty_of_inter_sUnion_empty ...
  -> captured q=high 6.44s
[fli1-capture] FLI0-S36 Set.sInter_diff_singleton_univ ...
  -> captured q=medium 6.02s
[fli1-capture] FLI0-S28 List.dedup_append ...
  -> captured q=medium 1.66s
[fli1-capture] FLI0-S29 List.dedup_cons_of_mem ...
  -> captured q=high 1.59s
[fli1-capture] FLI0-S30 List.dedup_cons_of_mem' ...
  -> captured q=medium 1.45s
[fli1-capture] FLI0-S31 List.dedup_cons_of_not_mem ...
  -> captured q=medium 1.57s
[fli1-capture] FLI0-S32 List.dedup_cons_of_not_mem' ...
  -> captured q=medium 1.51s
[fli1-capture] FLI0-S34 List.getLast_append' ...
  -> captured q=medium 5.67s
[fli1-capture] DONE captured=40/40 status={'captured': 40}
