[fli1-rescue] FLI1-L02 Finset.card_le_card ...
  -> NO_RESCUE
[fli1-rescue] FLI1-L03 Finset.card_le_one ...
  -> NO_RESCUE
[fli1-rescue] FLI1-L04 Finset.card_le_one_iff ...
  -> DOWNSTREAM_RESCUE via `simp [Finset.card_le_one] <;> aesop` robust=True
[fli1-rescue] FLI1-L07 Finset.eq_of_subset_of_card_le ...
  -> NO_RESCUE
[fli1-rescue] FLI1-L09 Finset.exists_subset_card_eq ...
  -> NO_RESCUE
[fli1-rescue] FLI1-L13 List.attach_map_val ...
  -> NO_RESCUE
[fli1-rescue] FLI1-L14 List.bind_congr ...
  -> NO_RESCUE
[fli1-rescue] FLI1-L15 List.bind_eq_bind ...
  -> DIRECT_SOLVE_DUPLICATE via `constructor <;> simp [List.bind_pure_eq_map]` robust=None
[fli1-rescue] FLI1-L16 List.bind_pure_eq_map ...
  -> NO_RESCUE
[fli1-rescue] FLI1-L17 List.bind_ret_eq_map ...
  -> NO_RESCUE
[fli1-rescue] FLI1-L18 List.count_map_of_injective ...
  -> NO_RESCUE
[fli1-rescue] FLI1-L19 List.filterMap_congr ...
  -> NO_RESCUE
[fli1-rescue] FLI1-L20 Multiset.forall_mem_map_iff ...
  -> NO_RESCUE
[fli1-rescue] FLI1-L22 Multiset.mem_filterMap ...
  -> NO_RESCUE
[fli1-rescue] FLI1-L35 List.dedup_append ...
  -> NO_RESCUE
[fli1-rescue] FLI1-L39 List.dedup_cons_of_not_mem' ...
  -> NO_RESCUE
[fli1-rescue] DONE rescues=1 hist={'NO_RESCUE': 38, 'DOWNSTREAM_RESCUE': 1, 'DIRECT_SOLVE_DUPLICATE': 1}
