
================================================================
  LEAN TACTIC POLICY EVALUATION
================================================================
  Theorem set : nat_defs_medium (38 theorems)
  Checkpoint  : clf_ckpt
  Policy type : hybrid_evolved
  Strategy    : top-8 fallback, max 8 steps
================================================================

RoutedGenerativePolicy: 4 routes, default=project/models/gen_v5_ns12_balanced
  '^Nat\\.' -> project/models/gen_v5_ns15_nat_oversample
  '^Int\\.' -> project/models/gen_v5_ns24_int_minimal_omega_10x
  '^Finset\\.' -> project/models/gen_v5_ns21_finset_aesop_20x
  '^Set\\.' -> project/models/gen_v5_ns12_balanced
[1/38] Nat.add_eq_left
Loading weights:   0%|          | 0/131 [00:00<?, ?it/s]Loading weights: 100%|██████████| 131/131 [00:00<00:00, 26702.33it/s]
Loaded generative policy from project/models/gen_v5_ns15_nat_oversample (type=seq2seq)
  Base model: project/models/gen_v5
  Unique tactics in training: 104
       PROVED in 1 step(s) (used 1 fallback(s))
       Proof: exact ⟨fun h => by omega, fun h => by omega⟩

[2/38] Nat.add_eq_max_iff
       PROVED in 1 step(s) (used 1 fallback(s))
       Proof: exact ⟨fun h => by omega, fun h => by omega⟩

[3/38] Nat.add_eq_min_iff
       PROVED in 1 step(s) (used 1 fallback(s))
       Proof: exact ⟨fun h => by omega, fun h => by omega⟩

[4/38] Nat.add_eq_one_iff
       PROVED in 1 step(s) (used 1 fallback(s))
       Proof: exact ⟨fun h => by omega, fun h => by omega⟩

[5/38] Nat.add_eq_right
       PROVED in 1 step(s) (used 1 fallback(s))
       Proof: exact ⟨fun h => by omega, fun h => by omega⟩

[6/38] Nat.add_mod_eq_add_mod_left
       PROVED in 1 step(s) (used 1 fallback(s))
       Proof: simp_all [Nat.add_mod, Nat.mod_eq_of_lt]

[7/38] Nat.add_mod_eq_add_mod_right
       PROVED in 1 step(s) (used 1 fallback(s))
       Proof: simp_all [Nat.add_mod, Nat.mod_eq_of_lt]

[8/38] Nat.div_le_div_right
       PROVED in 1 step(s)
       Proof: by_cases hc : c = 0 <;> [simp [hc]; exact (Nat.le_div_iff_mul_le' (Nat.pos_of_ne_zero hc)).2 (Nat.le_trans (Nat.div_mul_le_self _ _) h)]

[9/38] Nat.div_lt_iff_lt_mul'
       PROVED in 3 step(s) (used 3 fallback(s))
       Proof: simp_arith -> apply Nat.div_lt_iff_lt_mul -> simp_all

[10/38] Nat.div_lt_one_iff
       PROVED in 1 step(s) (used 1 fallback(s))
       Proof: rw [Nat.div_lt_iff_lt_mul hb, Nat.one_mul]

[11/38] Nat.half_le_of_sub_le_half
       PROVED in 1 step(s) (used 1 fallback(s))
       Proof: omega

[12/38] Nat.le_and_le_add_one_iff
       PROVED in 1 step(s) (used 1 fallback(s))
       Proof: exact ⟨fun h => by omega, fun h => by omega⟩

[13/38] Nat.AM_GM
       FAILED at step 1 (All top-10 tactics errored at step 1)

[14/38] Nat.le_or_le_of_add_eq_add_pred
       PROVED in 1 step(s) (used 1 fallback(s))
       Proof: omega

[15/38] Nat.add_mod_eq_ite
       PROVED in 2 step(s) (used 1 fallback(s))
       Proof: cases k <;> [skip; (rw [Nat.add_mod]; split_ifs with h <;> first | (exact Nat.mod_eq_of_lt (Nat.lt_of_not_ge h)) | (rw [Nat.mod_eq_sub_mod h]; exact Nat.mod_eq_of_lt ((Nat.sub_lt_iff_lt_add h).mpr (Nat.add_lt_add (Nat.mod_lt _ (by omega)) (Nat.mod_lt _ (by omega))))))] -> split_ifs <;> omega

[16/38] Nat.add_eq_zero
       PROVED in 1 step(s) (used 1 fallback(s))
       Proof: exact ⟨fun h => by omega, fun h => by omega⟩

[17/38] Nat.add_pos_iff_pos_or_pos
       PROVED in 1 step(s) (used 1 fallback(s))
       Proof: exact ⟨fun h => by omega, fun h => by omega⟩

[18/38] Nat.mul_eq_left
       PROVED in 1 step(s) (used 1 fallback(s))
       Proof: exact ⟨fun h => Nat.eq_of_mul_eq_mul_left (Nat.pos_of_ne_zero ha) (h.trans (Nat.mul_one _).symm), fun h => by simp [h]⟩

[19/38] Nat.mul_eq_right
       PROVED in 1 step(s) (used 1 fallback(s))
       Proof: exact ⟨fun h => Nat.eq_of_mul_eq_mul_right (Nat.pos_of_ne_zero hb) (h.trans (Nat.one_mul _).symm), fun h => by simp [h]⟩

[20/38] Nat.lt_iff_add_one_le
       PROVED in 1 step(s) (used 1 fallback(s))
       Proof: exact ⟨fun h => by omega, fun h => by omega⟩

[21/38] Nat.lt_one_iff
       PROVED in 1 step(s) (used 1 fallback(s))
       Proof: exact ⟨fun h => by omega, fun h => by omega⟩

[22/38] Nat.le_one_iff_eq_zero_or_eq_one
       PROVED in 1 step(s) (used 1 fallback(s))
       Proof: exact ⟨fun h => by omega, fun h => by omega⟩

[23/38] Nat.le_add_one_iff
       PROVED in 1 step(s) (used 1 fallback(s))
       Proof: exact ⟨fun h => by omega, fun h => by omega⟩

[24/38] Nat.one_add_le_iff
       PROVED in 1 step(s) (used 1 fallback(s))
       Proof: exact ⟨fun h => by omega, fun h => by omega⟩

[25/38] Nat.eq_one_of_mul_eq_one_left
       PROVED in 1 step(s)
       Proof: exact Nat.eq_one_of_mul_eq_one_right (by rwa [Nat.mul_comm])

[26/38] Nat.eq_zero_of_double_le
       PROVED in 1 step(s) (used 1 fallback(s))
       Proof: omega

[27/38] Nat.sub_lt_iff_lt_add
       PROVED in 1 step(s) (used 1 fallback(s))
       Proof: exact ⟨fun h => by omega, fun h => by omega⟩

[28/38] Nat.sub_lt_iff_lt_add'
       PROVED in 1 step(s) (used 1 fallback(s))
       Proof: exact ⟨fun h => by omega, fun h => by omega⟩

[29/38] Nat.mod_two_ne_one
       PROVED in 1 step(s) (used 1 fallback(s))
       Proof: exact ⟨fun h => by omega, fun h => by omega⟩

[30/38] Nat.mod_two_ne_zero
       PROVED in 1 step(s) (used 1 fallback(s))
       Proof: exact ⟨fun h => by omega, fun h => by omega⟩

[31/38] Nat.div_pos
       PROVED in 1 step(s)
       Proof: exact (Nat.le_div_iff_mul_le hb).mpr (by simpa using hba)

[32/38] Nat.div_pos_iff
       PROVED in 1 step(s) (used 1 fallback(s))
       Proof: rw [Nat.pos_iff_ne_zero, Nat.div_ne_zero_iff hb]

[33/38] Nat.succ_succ_ne_one
       PROVED in 1 step(s) (used 1 fallback(s))
       Proof: omega

[34/38] Nat.pred_eq_of_eq_succ
       PROVED in 1 step(s) (used 1 fallback(s))
       Proof: simp_all

[35/38] Nat.sqrt_lt
       PROVED in 1 step(s) (used 1 fallback(s))
       Proof: simp only [← Nat.not_le, Nat.le_sqrt]

[36/38] Nat.pow_lt_pow_iff_left
       PROVED in 1 step(s) (used 1 fallback(s))
       Proof: simp only [← Nat.not_le, Nat.pow_le_pow_iff_left hn]

[37/38] Nat.dvd_iff_div_mul_eq
       PROVED in 1 step(s)
       Proof: exact ⟨fun h => Nat.div_mul_cancel h, fun h => by rw [← h]; exact Nat.dvd_mul_left _ _⟩

[38/38] Nat.two_mul_ne_two_mul_add_one
       PROVED in 1 step(s) (used 1 fallback(s))
       Proof: omega


================================================================
  RESULTS SUMMARY
================================================================

  Theorem                                  Status       Steps  Tactic
  ──────────────────────────────────────── ──────────── ────── ──────────────────────────────
  Nat.add_eq_left                          PROVED       1      exact ⟨fun h => by omega, fun 
  Nat.add_eq_max_iff                       PROVED       1      exact ⟨fun h => by omega, fun 
  Nat.add_eq_min_iff                       PROVED       1      exact ⟨fun h => by omega, fun 
  Nat.add_eq_one_iff                       PROVED       1      exact ⟨fun h => by omega, fun 
  Nat.add_eq_right                         PROVED       1      exact ⟨fun h => by omega, fun 
  Nat.add_mod_eq_add_mod_left              PROVED       1      simp_all [Nat.add_mod, Nat.mod
  Nat.add_mod_eq_add_mod_right             PROVED       1      simp_all [Nat.add_mod, Nat.mod
  Nat.div_le_div_right                     PROVED       1      by_cases hc : c = 0 <;> [simp 
  Nat.div_lt_iff_lt_mul'                   PROVED       3      simp_all
  Nat.div_lt_one_iff                       PROVED       1      rw [Nat.div_lt_iff_lt_mul hb, 
  Nat.half_le_of_sub_le_half               PROVED       1      omega
  Nat.le_and_le_add_one_iff                PROVED       1      exact ⟨fun h => by omega, fun 
  Nat.AM_GM                                ERROR        1      
  Nat.le_or_le_of_add_eq_add_pred          PROVED       1      omega
  Nat.add_mod_eq_ite                       PROVED       2      split_ifs <;> omega
  Nat.add_eq_zero                          PROVED       1      exact ⟨fun h => by omega, fun 
  Nat.add_pos_iff_pos_or_pos               PROVED       1      exact ⟨fun h => by omega, fun 
  Nat.mul_eq_left                          PROVED       1      exact ⟨fun h => Nat.eq_of_mul_
  Nat.mul_eq_right                         PROVED       1      exact ⟨fun h => Nat.eq_of_mul_
  Nat.lt_iff_add_one_le                    PROVED       1      exact ⟨fun h => by omega, fun 
  Nat.lt_one_iff                           PROVED       1      exact ⟨fun h => by omega, fun 
  Nat.le_one_iff_eq_zero_or_eq_one         PROVED       1      exact ⟨fun h => by omega, fun 
  Nat.le_add_one_iff                       PROVED       1      exact ⟨fun h => by omega, fun 
  Nat.one_add_le_iff                       PROVED       1      exact ⟨fun h => by omega, fun 
  Nat.eq_one_of_mul_eq_one_left            PROVED       1      exact Nat.eq_one_of_mul_eq_one
  Nat.eq_zero_of_double_le                 PROVED       1      omega
  Nat.sub_lt_iff_lt_add                    PROVED       1      exact ⟨fun h => by omega, fun 
  Nat.sub_lt_iff_lt_add'                   PROVED       1      exact ⟨fun h => by omega, fun 
  Nat.mod_two_ne_one                       PROVED       1      exact ⟨fun h => by omega, fun 
  Nat.mod_two_ne_zero                      PROVED       1      exact ⟨fun h => by omega, fun 
  Nat.div_pos                              PROVED       1      exact (Nat.le_div_iff_mul_le h
  Nat.div_pos_iff                          PROVED       1      rw [Nat.pos_iff_ne_zero, Nat.d
  Nat.succ_succ_ne_one                     PROVED       1      omega
  Nat.pred_eq_of_eq_succ                   PROVED       1      simp_all
  Nat.sqrt_lt                              PROVED       1      simp only [← Nat.not_le, Nat.l
  Nat.pow_lt_pow_iff_left                  PROVED       1      simp only [← Nat.not_le, Nat.p
  Nat.dvd_iff_div_mul_eq                   PROVED       1      exact ⟨fun h => Nat.div_mul_ca
  Nat.two_mul_ne_two_mul_add_one           PROVED       1      omega

  ────────────────────────────────────────────────────────────────
  Total theorems:    38
  Available:         38/38
  Proved:            37/38  (97%)
  Errored:           1/38
  Exhausted:         0/38
  Skipped:           0/38
  Avg steps (proved): 1.1
  Fallbacks used:     35
  Proved by origin:   {'tactic_template': 28, 'family_tactic': 2, 'generative_topk': 7}
  Family activations: {'mod': 5}
  Family proofs:      {'priority:iff:generic': 17, 'mod': 2, 'priority:le:specific': 1, 'priority:iff:specific': 7, 'priority:any:generic': 1, 'priority:eq:specific': 1, 'priority:lt:specific': 1}
  Denied tactics:     84 (per-theorem deny-list)
  Retrieval:          activated on 6 theorems, 3 tactics attempted, 1 advanced, 0 won
  Retrieval filters:  filtered_self=8, filtered_unavailable=51
  Retrieval forms:    {'rw': 1, 'simp': 1, 'apply': 1}
  Retrieval form ok:  {'apply': 1}
  Apply goal-shape:   inc=0, dec=0, same=1, skipped_bloating=0
  Shape attempts:     {'iff': 3}  success={'iff': 1}  mismatch_filtered=46
================================================================

Run artifacts: project/evolve/experiments/rc2/out/rc2_candidate_runs/nat_defs_medium/eval-338a0e62
