[sf1_run_eval] registered 'rc2bench_set_ite_known_wins' with 5 theorems (dropped 0 without file_path)
[sf1_run_eval] delegating: eval_rollout_all.py --theorem-set rc2bench_set_ite_known_wins --policy-type hybrid_evolved --route-config project/evolve/routing/ns24_router.json --strategy-config project/evolve/experiments/rc2/rc2_candidate_wrapper.json --top-k 8 --max-steps 8 --out-dir project/evolve/experiments/rc2/out/rc2_candidate_runs/set_ite_known_wins

================================================================
  LEAN TACTIC POLICY EVALUATION
================================================================
  Theorem set : rc2bench_set_ite_known_wins (5 theorems)
  Checkpoint  : clf_ckpt
  Policy type : hybrid_evolved
  Strategy    : top-8 fallback, max 8 steps
================================================================

RoutedGenerativePolicy: 4 routes, default=project/models/gen_v5_ns12_balanced
  '^Nat\\.' -> project/models/gen_v5_ns15_nat_oversample
  '^Int\\.' -> project/models/gen_v5_ns24_int_minimal_omega_10x
  '^Finset\\.' -> project/models/gen_v5_ns21_finset_aesop_20x
  '^Set\\.' -> project/models/gen_v5_ns12_balanced
[1/5] Set.ite_empty_right
Loading weights:   0%|          | 0/131 [00:00<?, ?it/s]Loading weights: 100%|██████████| 131/131 [00:00<00:00, 13064.81it/s]
Loaded generative policy from project/models/gen_v5_ns12_balanced (type=seq2seq)
  Base model: project/models/gen_v5
  Unique tactics in training: 104
       FAILED at step 3 (All top-12 tactics errored at step 3)

[2/5] Set.ite_right
       FAILED at step 3 (All top-12 tactics errored at step 3)

[3/5] Set.ite_empty
       PROVED in 2 step(s) (used 2 fallback(s))
       Proof: simp [Set.ext_iff] -> simp [Set.ite]

[4/5] Set.ite_empty_left
       FAILED at step 4 (All top-12 tactics errored at step 4)

[5/5] Set.ite_left
       FAILED at step 3 (All top-12 tactics errored at step 3)


================================================================
  RESULTS SUMMARY
================================================================

  Theorem                                  Status       Steps  Tactic
  ──────────────────────────────────────── ──────────── ────── ──────────────────────────────
  Set.ite_empty_right                      ERROR        3      
  Set.ite_right                            ERROR        3      
  Set.ite_empty                            PROVED       2      simp [Set.ite]
  Set.ite_empty_left                       ERROR        4      
  Set.ite_left                             ERROR        3      

  ────────────────────────────────────────────────────────────────
  Total theorems:    5
  Available:         5/5
  Proved:            1/5  (20%)
  Errored:           4/5
  Exhausted:         0/5
  Skipped:           0/5
  Avg steps (proved): 2.0
  Fallbacks used:     2
  Proved by origin:   {'fallback_tactic': 1}
  Denied tactics:     15 (per-theorem deny-list)
================================================================

Run artifacts: project/evolve/experiments/rc2/out/rc2_candidate_runs/set_ite_known_wins/eval-c0319c73
