[fli3-cand] family_holdout Finset.card_attach: gate=True win=False robust=None
[fli3-cand] family_holdout Finset.card_bij: gate=True win=False robust=None
[fli3-cand] family_holdout Finset.card_bij': gate=True win=False robust=None
[fli3-cand] family_holdout Finset.card_bijective: gate=True win=False robust=None
[fli3-cand] family_holdout Finset.card_eq_of_bijective: gate=True win=False robust=None
[fli3-cand] family_holdout Finset.card_eq_one: gate=True win=False robust=None
[fli3-cand] family_holdout Finset.card_eq_succ: gate=True win=False robust=None
[fli3-cand] family_holdout Finset.exists_of_one_lt_card_pi: gate=True win=False robust=None
[fli3-cand] family_holdout Finset.filterMap_mono: gate=True win=False robust=None
[fli3-cand] family_holdout Finset.fin_map: gate=True win=False robust=None
[fli3-cand] family_holdout Finset.map_eq_of_subset: gate=True win=False robust=None
[fli3-cand] family_holdout Finset.map_ofDual_max: gate=True win=False robust=None
[fli3-cand] family_holdout Finset.map_ofDual_min: gate=True win=False robust=None
[fli3-cand] family_holdout Finset.map_toDual_max: gate=True win=False robust=None
[fli3-cand] family_holdout Finset.map_toDual_min: gate=True win=False robust=None
[fli3-cand] family_holdout Finset.preimage_subset: gate=True win=False robust=None
[fli3-cand] family_holdout List.bidirectionalRec_cons_append: gate=True win=False robust=None
[fli3-cand] family_holdout List.bidirectionalRec_nil: gate=True win=True robust=True
[fli3-cand] rescue_replay Finset.card_le_one_iff: gate=True win=True robust=True
[fli3-cand] rescue_replay Finset.card_subtype: gate=True win=True robust=True
[fli3-cand] rescue_replay Finset.mem_filterMap: gate=True win=True robust=True
[fli3-cand] rescue_replay Finset.mem_map: gate=True win=True robust=True
[fli3-cand] rescue_replay Finset.mem_preimage: gate=True win=True robust=True
[fli3-cand] rescue_replay List.bidirectionalRec_singleton: gate=True win=True robust=True
[fli3-cand] DONE wins=7 robust=7 rescue=6/6 holdout=1 offgate=0
