[tr5-live] B10 Eq.subset: ranks 6-10 (5 programs) ...
[tr5-live] B10 Finset.Nonempty.cons_induction: ranks 6-10 (5 programs) ...
[tr5-live] B10 Finset.Nontrivial.exists_cons_eq: ranks 6-10 (5 programs) ...
[tr5-live] B10 Finset.Nontrivial.sdiff_singleton_nonempty: ranks 6-10 (5 programs) ...
[tr5-live] B10 Finset.cons_induction: ranks 6-10 (5 programs) ...
[tr5-live] B10 Finset.disjoint_filter_filter': ranks 6-10 (5 programs) ...
[tr5-live] B10 Finset.eq_singleton_iff_nonempty_unique_mem: ranks 6-10 (5 programs) ...
[tr5-live] B10 Finset.erase_inj: ranks 6-10 (5 programs) ...
[tr5-live] B10 Finset.erase_nonempty: ranks 6-10 (5 programs) ...
[tr5-live] B10 Finset.induction_on_union: ranks 6-10 (5 programs) ...
[tr5-live] B10 Finset.insert_erase: ranks 6-10 (5 programs) ...
[tr5-live] B10 Finset.inter_subset_inter: ranks 6-10 (5 programs) ...
[tr5-live] B10 Finset.mem_disjUnion: ranks 6-10 (5 programs) ...
[tr5-live] B10 Finset.pairwise_cons': ranks 6-10 (5 programs) ...
[tr5-live] B10 Finset.range_filter_eq: ranks 6-10 (5 programs) ...
[tr5-live] B10 Finset.sizeOf_lt_sizeOf_of_mem: ranks 6-10 (5 programs) ...
[tr5-live] B10 Finset.ssubset_iff_exists_cons_subset: ranks 6-10 (5 programs) ...
[tr5-live] B10 Finset.ssubset_iff_exists_subset_erase: ranks 6-10 (5 programs) ...
[tr5-live] B10 Finset.subset_union_elim: ranks 6-10 (5 programs) ...
[tr5-live] B10 Function.Injective.nonempty_apply_iff: ranks 6-10 (5 programs) ...
[tr5-live] B10 List.perm_of_nodup_nodup_toFinset_eq: ranks 6-10 (5 programs) ...
[tr5-live] B10 List.toFinset_eq_empty_iff: ranks 6-10 (5 programs) ...
[tr5-live] B10 List.toFinset_eq_iff_perm_dedup: ranks 6-10 (5 programs) ...
[tr5-live] B10 List.toFinset_filter: ranks 6-10 (5 programs) ...
[tr5-live] B10 List.toFinset_nonempty_iff: ranks 6-10 (5 programs) ...
[tr5-live] B10 List.toFinset_surj_on: ranks 6-10 (5 programs) ...
[tr5-live] B10 Multiset.Nodup.toFinset_inj: ranks 6-10 (5 programs) ...
[tr5-live] B10 Multiset.toFinset_eq_singleton_iff: ranks 6-10 (5 programs) ...
[tr5-live] B10 Multiset.toFinset_ssubset: ranks 6-10 (5 programs) ...
[tr5-live] B10 Multiset.toFinset_subset: ranks 6-10 (5 programs) ...
[tr5-live] B10 Nat.add_sub_one_le_mul: ranks 6-10 (5 programs) ...
[tr5-live] B10 Nat.diag_induction: ranks 6-10 (5 programs) ...
[tr5-live] B10 Nat.div_div_div_eq_div: ranks 6-10 (5 programs) ...
[tr5-live] B10 Nat.div_eq_iff_eq_of_dvd_dvd: ranks 6-10 (5 programs) ...
[tr5-live] B10 Nat.div_eq_self: ranks 6-10 (5 programs) ...
[tr5-live] B10 Nat.div_eq_sub_mod_div: ranks 6-10 (5 programs) ...
[tr5-live] B10 Nat.div_le_of_le_mul': ranks 6-10 (5 programs) ...
[tr5-live] B10 Nat.div_le_self': ranks 6-10 (5 programs) ...
[tr5-live] B10 Nat.div_mul_div_comm: ranks 6-10 (5 programs) ...
[tr5-live] B10 Nat.div_mul_div_le: ranks 6-10 (5 programs) ...
[tr5-live] B10 Nat.div_mul_div_le_div: ranks 6-10 (5 programs) ...
[tr5-live] B10 Nat.div_pow: ranks 6-10 (5 programs) ...
[tr5-live] B10 Nat.dvd_sub': ranks 6-10 (5 programs) ...
[tr5-live] B10 Nat.eq_of_dvd_of_lt_two_mul: ranks 6-10 (5 programs) ...
[tr5-live] B10 Nat.findGreatest_eq_iff: ranks 6-10 (5 programs) ...
[tr5-live] B10 Nat.findGreatest_mono_left: ranks 6-10 (5 programs) ...
[tr5-live] B10 Nat.findGreatest_mono_right: ranks 6-10 (5 programs) ...
[tr5-live] B10 Nat.findGreatest_spec: ranks 6-10 (5 programs) ...
[tr5-live] B10 Nat.find_add: ranks 6-10 (5 programs) ...
[tr5-live] B10 Nat.find_eq_iff: ranks 6-10 (5 programs) ...
[tr5-live] B10 Nat.leRecOn_injective: ranks 6-10 (5 programs) ...
[tr5-live] B10 Nat.leRecOn_surjective: ranks 6-10 (5 programs) ...
[tr5-live] B10 Nat.le_induction: ranks 6-10 (5 programs) ...
[tr5-live] B10 Nat.not_dvd_of_pos_of_lt: ranks 6-10 (5 programs) ...
[tr5-live] B10 Nat.not_two_dvd_bit1: ranks 6-10 (5 programs) ...
[tr5-live] B10 Nat.one_lt_mul_iff: ranks 6-10 (5 programs) ...
[tr5-live] B10 Nat.sqrt.iter_sq_le: ranks 6-10 (5 programs) ...
[tr5-live] B10 Nat.sqrt.lt_iter_succ_sq: ranks 6-10 (5 programs) ...
[tr5-live] B10 Set.Nonempty.eq_univ: ranks 6-10 (5 programs) ...
[tr5-live] B10 Set.diff_singleton_sSubset: ranks 6-10 (5 programs) ...
[tr5-live] B10 Set.diff_singleton_subset_iff: ranks 6-10 (5 programs) ...
[tr5-live] B10 Set.eq_of_inclusion_surjective: ranks 6-10 (5 programs) ...
[tr5-live] B10 Set.insert_subset_insert_iff: ranks 6-10 (5 programs) ...
[tr5-live] B10 Set.ite_eq_of_subset_left: ranks 6-10 (5 programs) ...
[tr5-live] B10 Set.ite_eq_of_subset_right: ranks 6-10 (5 programs) ...
[tr5-live] B10 Set.ite_inter_of_inter_eq: ranks 6-10 (5 programs) ...
[tr5-live] B10 Set.nonempty_compl_of_nontrivial: ranks 6-10 (5 programs) ...
[tr5-live] B10 Set.not_monotoneOn_not_antitoneOn_iff_exists_le_le: ranks 6-10 (5 programs) ...
[tr5-live] B10 Set.not_monotoneOn_not_antitoneOn_iff_exists_lt_lt: ranks 6-10 (5 programs) ...
[tr5-live] B10 Set.pair_eq_pair_iff: ranks 6-10 (5 programs) ...
[tr5-live] B10 Set.pairwiseDisjoint_filter: ranks 6-10 (5 programs) ...
[tr5-live] B10 Set.powerset_singleton: ranks 6-10 (5 programs) ...
[tr5-live] B10 Set.ssubset_iff_insert: ranks 6-10 (5 programs) ...
[tr5-live] B10 Set.ssubset_iff_sdiff_singleton: ranks 6-10 (5 programs) ...
[tr5-live] B10 Set.ssubset_singleton_iff: ranks 6-10 (5 programs) ...
[tr5-live] B10 Set.subset_insert_iff: ranks 6-10 (5 programs) ...
[tr5-live] B10 Set.subset_ite: ranks 6-10 (5 programs) ...
[tr5-live] B10 Set.subset_pair_iff_eq: ranks 6-10 (5 programs) ...
[tr5-live] B10 Set.subset_singleton_iff_eq: ranks 6-10 (5 programs) ...
[tr5-live] B10 Set.union_empty_iff: ranks 6-10 (5 programs) ...
[tr5-continue] B10: new_wins=1 added_probes=393 total_solved=13
