[tr5-live] B5 Eq.subset: ranks 1-5 (5 programs) ...
[tr5-live] B5 Finset.Nonempty.cons_induction: ranks 1-5 (5 programs) ...
[tr5-live] B5 Finset.Nontrivial.exists_cons_eq: ranks 1-5 (5 programs) ...
[tr5-live] B5 Finset.Nontrivial.sdiff_singleton_nonempty: ranks 1-5 (5 programs) ...
[tr5-live] B5 Finset.cons_induction: ranks 1-5 (5 programs) ...
[tr5-live] B5 Finset.disjoint_filter_filter': ranks 1-5 (5 programs) ...
[tr5-live] B5 Finset.eq_singleton_iff_nonempty_unique_mem: ranks 1-5 (5 programs) ...
[tr5-live] B5 Finset.erase_inj: ranks 1-5 (5 programs) ...
[tr5-live] B5 Finset.erase_nonempty: ranks 1-5 (5 programs) ...
[tr5-live] B5 Finset.induction_on_union: ranks 1-5 (5 programs) ...
[tr5-live] B5 Finset.insert_erase: ranks 1-5 (5 programs) ...
[tr5-live] B5 Finset.inter_subset_inter: ranks 1-5 (5 programs) ...
[tr5-live] B5 Finset.mem_disjUnion: ranks 1-5 (5 programs) ...
[tr5-live] B5 Finset.pairwise_cons': ranks 1-5 (5 programs) ...
[tr5-live] B5 Finset.range_filter_eq: ranks 1-5 (5 programs) ...
[tr5-live] B5 Finset.sizeOf_lt_sizeOf_of_mem: ranks 1-5 (5 programs) ...
[tr5-live] B5 Finset.ssubset_iff_exists_cons_subset: ranks 1-5 (5 programs) ...
[tr5-live] B5 Finset.ssubset_iff_exists_subset_erase: ranks 1-5 (5 programs) ...
[tr5-live] B5 Finset.subset_union_elim: ranks 1-5 (5 programs) ...
[tr5-live] B5 Function.Injective.nonempty_apply_iff: ranks 1-5 (5 programs) ...
[tr5-live] B5 List.perm_of_nodup_nodup_toFinset_eq: ranks 1-5 (5 programs) ...
[tr5-live] B5 List.toFinset.ext_iff: ranks 1-5 (5 programs) ...
[tr5-live] B5 List.toFinset_eq: ranks 1-5 (5 programs) ...
[tr5-live] B5 List.toFinset_eq_empty_iff: ranks 1-5 (5 programs) ...
[tr5-live] B5 List.toFinset_eq_iff_perm_dedup: ranks 1-5 (5 programs) ...
[tr5-live] B5 List.toFinset_filter: ranks 1-5 (5 programs) ...
[tr5-live] B5 List.toFinset_nonempty_iff: ranks 1-5 (5 programs) ...
[tr5-live] B5 List.toFinset_surj_on: ranks 1-5 (5 programs) ...
[tr5-live] B5 Multiset.Nodup.toFinset_inj: ranks 1-5 (5 programs) ...
[tr5-live] B5 Multiset.toFinset_eq_singleton_iff: ranks 1-5 (5 programs) ...
[tr5-live] B5 Multiset.toFinset_ssubset: ranks 1-5 (5 programs) ...
[tr5-live] B5 Multiset.toFinset_subset: ranks 1-5 (5 programs) ...
[tr5-live] B5 Nat.add_sub_one_le_mul: ranks 1-5 (5 programs) ...
[tr5-live] B5 Nat.diag_induction: ranks 1-5 (5 programs) ...
[tr5-live] B5 Nat.div_div_div_eq_div: ranks 1-5 (5 programs) ...
[tr5-live] B5 Nat.div_eq_iff_eq_of_dvd_dvd: ranks 1-5 (5 programs) ...
[tr5-live] B5 Nat.div_eq_self: ranks 1-5 (5 programs) ...
[tr5-live] B5 Nat.div_eq_sub_mod_div: ranks 1-5 (5 programs) ...
[tr5-live] B5 Nat.div_le_of_le_mul': ranks 1-5 (5 programs) ...
[tr5-live] B5 Nat.div_le_self': ranks 1-5 (5 programs) ...
[tr5-live] B5 Nat.div_mul_div_comm: ranks 1-5 (5 programs) ...
[tr5-live] B5 Nat.div_mul_div_le: ranks 1-5 (5 programs) ...
[tr5-live] B5 Nat.div_mul_div_le_div: ranks 1-5 (5 programs) ...
[tr5-live] B5 Nat.div_pow: ranks 1-5 (5 programs) ...
[tr5-live] B5 Nat.dvd_sub': ranks 1-5 (5 programs) ...
[tr5-live] B5 Nat.eq_of_dvd_of_lt_two_mul: ranks 1-5 (5 programs) ...
[tr5-live] B5 Nat.findGreatest_eq_iff: ranks 1-5 (5 programs) ...
[tr5-live] B5 Nat.findGreatest_mono_left: ranks 1-5 (5 programs) ...
[tr5-live] B5 Nat.findGreatest_mono_right: ranks 1-5 (5 programs) ...
[tr5-live] B5 Nat.findGreatest_spec: ranks 1-5 (5 programs) ...
[tr5-live] B5 Nat.find_add: ranks 1-5 (5 programs) ...
[tr5-live] B5 Nat.find_eq_iff: ranks 1-5 (5 programs) ...
[tr5-live] B5 Nat.leRecOn_injective: ranks 1-5 (5 programs) ...
[tr5-live] B5 Nat.leRecOn_surjective: ranks 1-5 (5 programs) ...
[tr5-live] B5 Nat.le_induction: ranks 1-5 (5 programs) ...
[tr5-live] B5 Nat.not_dvd_of_pos_of_lt: ranks 1-5 (5 programs) ...
[tr5-live] B5 Nat.not_two_dvd_bit1: ranks 1-5 (5 programs) ...
[tr5-live] B5 Nat.one_lt_mul_iff: ranks 1-5 (5 programs) ...
[tr5-live] B5 Nat.sqrt.iter_sq_le: ranks 1-5 (5 programs) ...
[tr5-live] B5 Nat.sqrt.lt_iter_succ_sq: ranks 1-5 (5 programs) ...
[tr5-live] B5 Prop.compl_singleton: ranks 1-5 (5 programs) ...
[tr5-live] B5 Set.Nonempty.eq_univ: ranks 1-5 (5 programs) ...
[tr5-live] B5 Set.Nonempty.subset_pair_iff_eq: ranks 1-5 (5 programs) ...
[tr5-live] B5 Set.antitoneOn_iff_antitone: ranks 1-5 (5 programs) ...
[tr5-live] B5 Set.compl_union_self: ranks 1-5 (5 programs) ...
[tr5-live] B5 Set.diff_singleton_sSubset: ranks 1-5 (5 programs) ...
[tr5-live] B5 Set.diff_singleton_subset_iff: ranks 1-5 (5 programs) ...
[tr5-live] B5 Set.disjoint_iff_forall_ne: ranks 1-5 (5 programs) ...
[tr5-live] B5 Set.disjoint_right: ranks 1-5 (5 programs) ...
[tr5-live] B5 Set.disjoint_singleton_left: ranks 1-5 (5 programs) ...
[tr5-live] B5 Set.eq_of_inclusion_surjective: ranks 1-5 (5 programs) ...
[tr5-live] B5 Set.insert_subset_insert_iff: ranks 1-5 (5 programs) ...
[tr5-live] B5 Set.ite_eq_of_subset_left: ranks 1-5 (5 programs) ...
[tr5-live] B5 Set.ite_eq_of_subset_right: ranks 1-5 (5 programs) ...
[tr5-live] B5 Set.ite_inter_of_inter_eq: ranks 1-5 (5 programs) ...
[tr5-live] B5 Set.monotoneOn_iff_monotone: ranks 1-5 (5 programs) ...
[tr5-live] B5 Set.nonempty_compl_of_nontrivial: ranks 1-5 (5 programs) ...
[tr5-live] B5 Set.not_monotoneOn_not_antitoneOn_iff_exists_le_le: ranks 1-5 (5 programs) ...
[tr5-live] B5 Set.not_monotoneOn_not_antitoneOn_iff_exists_lt_lt: ranks 1-5 (5 programs) ...
[tr5-live] B5 Set.pair_eq_pair_iff: ranks 1-5 (5 programs) ...
[tr5-live] B5 Set.pairwiseDisjoint_filter: ranks 1-5 (5 programs) ...
[tr5-live] B5 Set.powerset_singleton: ranks 1-5 (5 programs) ...
[tr5-live] B5 Set.ssubset_iff_insert: ranks 1-5 (5 programs) ...
[tr5-live] B5 Set.ssubset_iff_sdiff_singleton: ranks 1-5 (5 programs) ...
[tr5-live] B5 Set.ssubset_singleton_iff: ranks 1-5 (5 programs) ...
[tr5-live] B5 Set.strictAntiOn_iff_strictAnti: ranks 1-5 (5 programs) ...
[tr5-live] B5 Set.strictMonoOn_iff_strictMono: ranks 1-5 (5 programs) ...
[tr5-live] B5 Set.subset_insert_iff: ranks 1-5 (5 programs) ...
[tr5-live] B5 Set.subset_ite: ranks 1-5 (5 programs) ...
[tr5-live] B5 Set.subset_pair_iff_eq: ranks 1-5 (5 programs) ...
[tr5-live] B5 Set.subset_singleton_iff_eq: ranks 1-5 (5 programs) ...
[tr5-live] B5 Set.union_empty_iff: ranks 1-5 (5 programs) ...
[tr5-live] B5 done: live=91/92 successes=12 setup_err=1 rank_hist={1: 12}
