[tr5-live] B10 Finset.Nonempty.inf_eq_bot_iff: ranks 6-10 (5 programs) ...
[tr5-live] B10 Finset.Nonempty.strong_induction: ranks 6-10 (5 programs) ...
[tr5-live] B10 Finset.Nonempty.sup_eq_top_iff: ranks 6-10 (5 programs) ...
[tr5-live] B10 Finset.Nontrivial.erase_nonempty: ranks 6-10 (5 programs) ...
[tr5-live] B10 Finset.card_mono: ranks 6-10 (5 programs) ...
[tr5-live] B10 Finset.card_strictMono: ranks 6-10 (5 programs) ...
[tr5-live] B10 Finset.card_union_eq_card_add_card: ranks 6-10 (5 programs) ...
[tr5-live] B10 Finset.codisjoint_inf_left: ranks 6-10 (5 programs) ...
[tr5-live] B10 Finset.codisjoint_inf_right: ranks 6-10 (5 programs) ...
[tr5-live] B10 Finset.comp_inf_eq_inf_comp_of_is_total: ranks 6-10 (5 programs) ...
[tr5-live] B10 Finset.comp_sup_eq_sup_comp_of_is_total: ranks 6-10 (5 programs) ...
[tr5-live] B10 Finset.disjoint_biUnion_left: ranks 6-10 (5 programs) ...
[tr5-live] B10 Finset.disjoint_biUnion_right: ranks 6-10 (5 programs) ...
[tr5-live] B10 Finset.disjoint_filter_filter': ranks 6-10 (5 programs) ...
[tr5-live] B10 Finset.disjoint_image: ranks 6-10 (5 programs) ...
[tr5-live] B10 Finset.disjoint_insert_right: ranks 6-10 (5 programs) ...
[tr5-live] B10 Finset.disjoint_map: ranks 6-10 (5 programs) ...
[tr5-live] B10 Finset.disjoint_sup_left: ranks 6-10 (5 programs) ...
[tr5-live] B10 Finset.disjoint_sup_right: ranks 6-10 (5 programs) ...
[tr5-live] B10 Finset.fin_mono: ranks 6-10 (5 programs) ...
[tr5-live] B10 Finset.image_mono: ranks 6-10 (5 programs) ...
[tr5-live] B10 Finset.image_subset_iff: ranks 6-10 (5 programs) ...
[tr5-live] B10 Finset.max'_image: ranks 6-10 (5 programs) ...
[tr5-live] B10 Finset.mem_fin: ranks 6-10 (5 programs) ...
[tr5-live] B10 Finset.mem_insert: ranks 6-10 (5 programs) ...
[tr5-live] B10 Finset.mem_singleton: ranks 6-10 (5 programs) ...
[tr5-live] B10 Finset.min'_image: ranks 6-10 (5 programs) ...
[tr5-live] B10 Finset.monotone_preimage: ranks 6-10 (5 programs) ...
[tr5-live] B10 Finset.pairwise_cons': ranks 6-10 (5 programs) ...
[tr5-live] B10 Finset.powerset_card_disjiUnion: ranks 6-10 (5 programs) ...
[tr5-live] B10 Finset.subtype_mono: ranks 6-10 (5 programs) ...
[tr5-live] B10 List.Pairwise.pmap: ranks 6-10 (5 programs) ...
[tr5-live] B10 List.Pairwise.set_pairwise: ranks 6-10 (5 programs) ...
[tr5-live] B10 List.Sublist.antisymm: ranks 6-10 (5 programs) ...
[tr5-live] B10 List.Sublist.map: ranks 6-10 (5 programs) ...
[tr5-live] B10 List.Sublist.tail: ranks 6-10 (5 programs) ...
[tr5-live] B10 List.append_cons_inj_of_not_mem: ranks 6-10 (5 programs) ...
[tr5-live] B10 List.append_left_eq_self: ranks 6-10 (5 programs) ...
[tr5-live] B10 List.append_right_eq_self: ranks 6-10 (5 programs) ...
[tr5-live] B10 List.attach_eq_nil: ranks 6-10 (5 programs) ...
[tr5-live] B10 List.disjoint_map: ranks 6-10 (5 programs) ...
[tr5-live] B10 List.disjoint_pmap: ranks 6-10 (5 programs) ...
[tr5-live] B10 List.perm_of_nodup_nodup_toFinset_eq: ranks 6-10 (5 programs) ...
[tr5-live] B10 List.toFinset.ext_iff: ranks 6-10 (5 programs) ...
[tr5-live] B10 Multiset.Disjoint.symm: ranks 6-10 (5 programs) ...
[tr5-live] B10 Multiset.Nodup.le_nsmul_iff_le: ranks 6-10 (5 programs) ...
[tr5-live] B10 Multiset.Rel.countP_eq: ranks 6-10 (5 programs) ...
[tr5-live] B10 Multiset.Rel.mono: ranks 6-10 (5 programs) ...
[tr5-live] B10 Multiset.Subset.refl: ranks 6-10 (5 programs) ...
[tr5-live] B10 Multiset.Subset.trans: ranks 6-10 (5 programs) ...
[tr5-live] B10 Multiset.addHom_ext: ranks 6-10 (5 programs) ...
[tr5-live] B10 Multiset.add_cons: ranks 6-10 (5 programs) ...
[tr5-live] B10 Multiset.add_eq_union_right_of_le: ranks 6-10 (5 programs) ...
[tr5-live] B10 Multiset.add_product: ranks 6-10 (5 programs) ...
[tr5-live] B10 Multiset.add_sigma: ranks 6-10 (5 programs) ...
[tr5-live] B10 Multiset.add_singleton_eq_iff: ranks 6-10 (5 programs) ...
[tr5-live] B10 Multiset.add_union_distrib: ranks 6-10 (5 programs) ...
[tr5-live] B10 Multiset.attach_bind_coe: ranks 6-10 (5 programs) ...
[tr5-live] B10 Multiset.attach_cons: ranks 6-10 (5 programs) ...
[tr5-live] B10 Multiset.attach_map_val: ranks 6-10 (5 programs) ...
[tr5-live] B10 Multiset.attach_map_val': ranks 6-10 (5 programs) ...
[tr5-live] B10 Multiset.disjoint_comm: ranks 6-10 (5 programs) ...
[tr5-live] B10 Nat.AM_GM: ranks 6-10 (5 programs) ...
[tr5-live] B10 Nat.add_div_of_dvd_left: ranks 6-10 (5 programs) ...
[tr5-live] B10 Nat.add_div_of_dvd_right: ranks 6-10 (5 programs) ...
[tr5-live] B10 Nat.add_le_mul: ranks 6-10 (5 programs) ...
