[tr5-live] B5 Finset.Nonempty.inf_eq_bot_iff: ranks 1-5 (5 programs) ...
[tr5-live] B5 Finset.Nonempty.strong_induction: ranks 1-5 (5 programs) ...
[tr5-live] B5 Finset.Nonempty.sup_eq_top_iff: ranks 1-5 (5 programs) ...
[tr5-live] B5 Finset.Nontrivial.erase_nonempty: ranks 1-5 (5 programs) ...
[tr5-live] B5 Finset.biUnion_subset_iff_forall_subset: ranks 1-5 (5 programs) ...
[tr5-live] B5 Finset.card_mono: ranks 1-5 (5 programs) ...
[tr5-live] B5 Finset.card_strictMono: ranks 1-5 (5 programs) ...
[tr5-live] B5 Finset.card_union_eq_card_add_card: ranks 1-5 (5 programs) ...
[tr5-live] B5 Finset.codisjoint_inf_left: ranks 1-5 (5 programs) ...
[tr5-live] B5 Finset.codisjoint_inf_right: ranks 1-5 (5 programs) ...
[tr5-live] B5 Finset.comp_inf_eq_inf_comp_of_is_total: ranks 1-5 (5 programs) ...
[tr5-live] B5 Finset.comp_sup_eq_sup_comp_of_is_total: ranks 1-5 (5 programs) ...
[tr5-live] B5 Finset.disjoint_biUnion_left: ranks 1-5 (5 programs) ...
[tr5-live] B5 Finset.disjoint_biUnion_right: ranks 1-5 (5 programs) ...
[tr5-live] B5 Finset.disjoint_filter_filter': ranks 1-5 (5 programs) ...
[tr5-live] B5 Finset.disjoint_image: ranks 1-5 (5 programs) ...
[tr5-live] B5 Finset.disjoint_insert_right: ranks 1-5 (5 programs) ...
[tr5-live] B5 Finset.disjoint_map: ranks 1-5 (5 programs) ...
[tr5-live] B5 Finset.disjoint_sup_left: ranks 1-5 (5 programs) ...
[tr5-live] B5 Finset.disjoint_sup_right: ranks 1-5 (5 programs) ...
[tr5-live] B5 Finset.fin_mono: ranks 1-5 (5 programs) ...
[tr5-live] B5 Finset.image_mono: ranks 1-5 (5 programs) ...
[tr5-live] B5 Finset.image_subset_iff: ranks 1-5 (5 programs) ...
[tr5-live] B5 Finset.max'_image: ranks 1-5 (5 programs) ...
[tr5-live] B5 Finset.mem_fin: ranks 1-5 (5 programs) ...
[tr5-live] B5 Finset.mem_insert: ranks 1-5 (5 programs) ...
[tr5-live] B5 Finset.mem_singleton: ranks 1-5 (5 programs) ...
[tr5-live] B5 Finset.min'_image: ranks 1-5 (5 programs) ...
[tr5-live] B5 Finset.monotone_preimage: ranks 1-5 (5 programs) ...
[tr5-live] B5 Finset.pairwise_cons': ranks 1-5 (5 programs) ...
[tr5-live] B5 Finset.powerset_card_disjiUnion: ranks 1-5 (5 programs) ...
[tr5-live] B5 Finset.subtype_mono: ranks 1-5 (5 programs) ...
[tr5-live] B5 List.Pairwise.pmap: ranks 1-5 (5 programs) ...
[tr5-live] B5 List.Pairwise.set_pairwise: ranks 1-5 (5 programs) ...
[tr5-live] B5 List.Sublist.antisymm: ranks 1-5 (5 programs) ...
[tr5-live] B5 List.Sublist.map: ranks 1-5 (5 programs) ...
[tr5-live] B5 List.Sublist.tail: ranks 1-5 (5 programs) ...
[tr5-live] B5 List.append_cons_inj_of_not_mem: ranks 1-5 (5 programs) ...
[tr5-live] B5 List.append_left_eq_self: ranks 1-5 (5 programs) ...
[tr5-live] B5 List.append_right_eq_self: ranks 1-5 (5 programs) ...
[tr5-live] B5 List.attach_eq_nil: ranks 1-5 (5 programs) ...
[tr5-live] B5 List.disjoint_map: ranks 1-5 (5 programs) ...
[tr5-live] B5 List.disjoint_pmap: ranks 1-5 (5 programs) ...
[tr5-live] B5 List.perm_of_nodup_nodup_toFinset_eq: ranks 1-5 (5 programs) ...
[tr5-live] B5 List.toFinset.ext_iff: ranks 1-5 (5 programs) ...
[tr5-live] B5 Multiset.Disjoint.symm: ranks 1-5 (5 programs) ...
[tr5-live] B5 Multiset.Nodup.le_nsmul_iff_le: ranks 1-5 (5 programs) ...
[tr5-live] B5 Multiset.Rel.countP_eq: ranks 1-5 (5 programs) ...
[tr5-live] B5 Multiset.Rel.mono: ranks 1-5 (5 programs) ...
[tr5-live] B5 Multiset.Subset.refl: ranks 1-5 (5 programs) ...
[tr5-live] B5 Multiset.Subset.trans: ranks 1-5 (5 programs) ...
[tr5-live] B5 Multiset.addHom_ext: ranks 1-5 (5 programs) ...
[tr5-live] B5 Multiset.add_bind: ranks 1-5 (5 programs) ...
[tr5-live] B5 Multiset.add_cons: ranks 1-5 (5 programs) ...
[tr5-live] B5 Multiset.add_eq_union_right_of_le: ranks 1-5 (5 programs) ...
[tr5-live] B5 Multiset.add_product: ranks 1-5 (5 programs) ...
[tr5-live] B5 Multiset.add_sigma: ranks 1-5 (5 programs) ...
[tr5-live] B5 Multiset.add_singleton_eq_iff: ranks 1-5 (5 programs) ...
[tr5-live] B5 Multiset.add_union_distrib: ranks 1-5 (5 programs) ...
[tr5-live] B5 Multiset.attach_bind_coe: ranks 1-5 (5 programs) ...
[tr5-live] B5 Multiset.attach_cons: ranks 1-5 (5 programs) ...
[tr5-live] B5 Multiset.attach_map_val: ranks 1-5 (5 programs) ...
[tr5-live] B5 Multiset.attach_map_val': ranks 1-5 (5 programs) ...
[tr5-live] B5 Multiset.disjoint_comm: ranks 1-5 (5 programs) ...
[tr5-live] B5 Nat.AM_GM: ranks 1-5 (5 programs) ...
[tr5-live] B5 Nat.add_div_of_dvd_left: ranks 1-5 (5 programs) ...
[tr5-live] B5 Nat.add_div_of_dvd_right: ranks 1-5 (5 programs) ...
[tr5-live] B5 Nat.add_le_mul: ranks 1-5 (5 programs) ...
[tr5-live] B5 Nat.clog_anti_left: ranks 1-5 (5 programs) ...
[tr5-live] B5 Nat.clog_eq_one: ranks 1-5 (5 programs) ...
[tr5-live] B5 Nat.clog_mono_right: ranks 1-5 (5 programs) ...
[tr5-live] B5 Nat.clog_of_left_le_one: ranks 1-5 (5 programs) ...
[tr5-live] B5 Nat.div_ne_zero_iff: ranks 1-5 (5 programs) ...
[tr5-live] B5 Nat.dvd_left_iff_eq: ranks 1-5 (5 programs) ...
[tr5-live] B5 Nat.dvd_right_iff_eq: ranks 1-5 (5 programs) ...
[tr5-live] B5 Nat.eq_div_of_mul_eq_left: ranks 1-5 (5 programs) ...
[tr5-live] B5 Nat.eq_mul_of_div_eq_left: ranks 1-5 (5 programs) ...
[tr5-live] B5 Nat.find_eq_zero: ranks 1-5 (5 programs) ...
[tr5-live] B5 Nat.forall_lt_succ: ranks 1-5 (5 programs) ...
[tr5-live] B5 Nat.le_of_mul_le_mul_right: ranks 1-5 (5 programs) ...
[tr5-live] B5 Nat.mod_eq_iff_lt: ranks 1-5 (5 programs) ...
[tr5-live] B5 Nat.mod_mul_mod: ranks 1-5 (5 programs) ...
[tr5-live] B5 Nat.one_le_div_iff: ranks 1-5 (5 programs) ...
[tr5-live] B5 Nat.one_le_pow: ranks 1-5 (5 programs) ...
[tr5-live] B5 Nat.sqrt_lt': ranks 1-5 (5 programs) ...
[tr5-live] B5 Nat.sqrt_pos: ranks 1-5 (5 programs) ...
[tr5-live] B5 Nat.zero_eq_mul: ranks 1-5 (5 programs) ...
[tr5-live] B5 Set.BijOn.congr: ranks 1-5 (5 programs) ...
[tr5-live] B5 Set.disjoint_sUnion_right: ranks 1-5 (5 programs) ...
[tr5-live] B5 Set.mapsTo_singleton: ranks 1-5 (5 programs) ...
[rc5h-dynamic] B5: theorems=90 live=90 successes=2 new_this_stage=2
[rc5h-dynamic] new_wins=['Finset.biUnion_subset_iff_forall_subset', 'Multiset.add_bind']
