[smoke] Running tiny smoke test (1 theorem, beam, just gen_v5)
============================================================
  OVERNIGHT A+D RUN
============================================================
  Started   : Fri May  1 20:44:00 CDT 2026
  Root dir  : experiments/overnight_20260501_204400
  Theorems  : set_small
  Top-k     : 8
  Max steps : 8
  Sample T  : 0.8
  Seeds     : 42
============================================================
experiments/overnight.sh: line 65: v5: unbound variable
============================================================
  OVERNIGHT A+D RUN
============================================================
  Started   : Fri May  1 20:44:00 CDT 2026
  Root dir  : experiments/overnight_20260501_204400
  Theorems  : curriculum_all
  Top-k     : 8
  Max steps : 8
  Sample T  : 0.8
  Seeds     : 42 123 456 789 1024
============================================================
experiments/overnight.sh: line 65: v5: unbound variable
