[sf5-probe] Multiset.toFinset_eq_singleton_iff: 40 probes ...
[sf5-probe] Set.Nonempty.subset_pair_iff_eq: 40 probes ...
[sf5-probe] Set.antitoneOn_iff_antitone: 40 probes ...
[sf5-probe] Set.diff_singleton_subset_iff: 40 probes ...
[sf5-probe] Set.ite_eq_of_subset_left: 40 probes ...
[sf5-probe] Set.ite_eq_of_subset_right: 40 probes ...
[sf5-probe] Set.monotoneOn_iff_monotone: 40 probes ...
[sf5-probe] Set.not_monotoneOn_not_antitoneOn_iff_exists_le_le: 40 probes ...
[sf5-probe] Set.not_monotoneOn_not_antitoneOn_iff_exists_lt_lt: 40 probes ...
[sf5-probe] Set.pair_eq_pair_iff: 40 probes ...
[sf5-probe] Set.ssubset_iff_insert: 40 probes ...
[sf5-probe] Set.ssubset_iff_sdiff_singleton: 40 probes ...
[sf5-probe] Set.ssubset_singleton_iff: 40 probes ...
[sf5-probe] Set.strictAntiOn_iff_strictAnti: 40 probes ...
[sf5-probe] Set.strictMonoOn_iff_strictMono: 40 probes ...
[sf5-probe] Set.subset_insert_iff: 40 probes ...
[sf5-probe] Set.subset_ite: 40 probes ...
[sf5-probe] Set.subset_pair_iff_eq: 40 probes ...
[sf5-probe] Set.subset_singleton_iff_eq: 40 probes ...
[sf5-probe] Set.union_empty_iff: 40 probes ...
[sf5-probe] done: live=20/20 win_hist={'retrieval_win': 5, 'no_win': 15, 'needs_review': 0}
