[sf4-probe] Multiset.toFinset_eq_singleton_iff (4 gated probes) ...
[sf4-probe]   -> no_win wins=[]
[sf4-probe] Set.antitoneOn_iff_antitone (4 gated probes) ...
[sf4-probe]   -> no_win wins=[]
[sf4-probe] Set.diff_singleton_subset_iff (9 gated probes) ...
[sf4-probe]   -> no_win wins=[]
[sf4-probe] Set.ite_eq_of_subset_left (8 gated probes) ...
[sf4-probe]   -> no_win wins=[]
[sf4-probe] Set.ite_eq_of_subset_right (8 gated probes) ...
[sf4-probe]   -> no_win wins=[]
[sf4-probe] Set.ite_inter_of_inter_eq (9 gated probes) ...
[sf4-probe]   -> no_win wins=[]
[sf4-probe] Set.pair_eq_pair_iff (6 gated probes) ...
[sf4-probe]   -> no_win wins=[]
[sf4-probe] Set.powerset_singleton (4 gated probes) ...
[sf4-probe]   -> no_win wins=[]
[sf4-probe] Set.ssubset_singleton_iff (8 gated probes) ...
[sf4-probe]   -> no_win wins=[]
[sf4-probe] Set.subset_insert_iff (6 gated probes) ...
[sf4-probe]   -> no_win wins=[]
[sf4-probe] Set.subset_ite (8 gated probes) ...
[sf4-probe]   -> no_win wins=[]
[sf4-probe] Set.subset_singleton_iff_eq (8 gated probes) ...
[sf4-probe]   -> no_win wins=[]
[sf4-probe] Set.union_empty_iff (7 gated probes) ...
[sf4-probe]   -> no_win wins=[]
[sf4-probe] Eq.subset (2 gated probes) ...
[sf4-probe]   -> no_win wins=[]
[sf4-probe] Function.Injective.nonempty_apply_iff (2 gated probes) ...
[sf4-probe]   -> no_win wins=[]
[sf4-probe] Prop.compl_singleton (2 gated probes) ...
[sf4-probe]   -> baseline_duplicate wins=['aesop']
[sf4-probe] Set.Nonempty.subset_pair_iff_eq (8 gated probes) ...
[sf4-probe]   -> no_win wins=[]
[sf4-probe] Set.eq_of_inclusion_surjective (2 gated probes) ...
[sf4-probe]   -> no_win wins=[]
[sf4-probe] Set.monotoneOn_iff_monotone (4 gated probes) ...
[sf4-probe]   -> no_win wins=[]
[sf4-probe] Set.not_monotoneOn_not_antitoneOn_iff_exists_le_le (4 gated probes) ...
[sf4-probe]   -> no_win wins=[]
[sf4-probe] Set.not_monotoneOn_not_antitoneOn_iff_exists_lt_lt (4 gated probes) ...
[sf4-probe]   -> no_win wins=[]
[sf4-probe] Set.pairwiseDisjoint_filter (4 gated probes) ...
[sf4-probe]   -> no_win wins=[]
[sf4-probe] Set.ssubset_iff_insert (6 gated probes) ...
[sf4-probe]   -> no_win wins=[]
[sf4-probe] Set.ssubset_iff_sdiff_singleton (9 gated probes) ...
[sf4-probe]   -> no_win wins=[]
[sf4-probe] Set.strictAntiOn_iff_strictAnti (4 gated probes) ...
[sf4-probe]   -> no_win wins=[]
[sf4-probe] Set.strictMonoOn_iff_strictMono (4 gated probes) ...
[sf4-probe]   -> no_win wins=[]
[sf4-probe] Set.subset_pair_iff_eq (8 gated probes) ...
[sf4-probe]   -> no_win wins=[]
[sf4-probe] theorems=27 hist={'no_win': 26, 'baseline_duplicate': 1} candidate_wins=0
