[tr2-probe] Eq.subset: reuse=4 live=7 ...
[tr2-probe]   Eq.subset -> wins=[] reused=4 live=7
[tr2-probe] Multiset.disjoint_toFinset: reuse=0 live=4 ...
[tr2-probe]   Multiset.disjoint_toFinset -> wins=[] reused=0 live=4
[tr2-probe] Set.ite_eq_of_subset_left: reuse=4 live=1 ...
[tr2-probe]   Set.ite_eq_of_subset_left -> wins=[] reused=4 live=1
[tr2-probe] coe_notMemRangeEquiv_symm: reuse=0 live=4 ...
[tr2-probe]   coe_notMemRangeEquiv_symm -> wins=[] reused=0 live=4
[tr2-probe] Set.pairwiseDisjoint_filter: reuse=6 live=5 ...
[tr2-probe]   Set.pairwiseDisjoint_filter -> wins=[] reused=6 live=5
[tr2-probe] Set.ite_eq_of_subset_right: reuse=4 live=1 ...
[tr2-probe]   Set.ite_eq_of_subset_right -> wins=[] reused=4 live=1
[tr2-probe] Set.antitoneOn_iff_antitone: reuse=4 live=1 ...
[tr2-probe]   Set.antitoneOn_iff_antitone -> wins=[] reused=4 live=1
[tr2-probe] Set.monotoneOn_iff_monotone: reuse=4 live=1 ...
[tr2-probe]   Set.monotoneOn_iff_monotone -> wins=[] reused=4 live=1
[tr2-probe] Set.not_monotoneOn_not_antitoneOn_iff_exists_le_le: reuse=4 live=1 ...
[tr2-probe]   Set.not_monotoneOn_not_antitoneOn_iff_exists_le_le -> wins=[] reused=4 live=1
[tr2-probe] Set.not_monotoneOn_not_antitoneOn_iff_exists_lt_lt: reuse=4 live=1 ...
[tr2-probe]   Set.not_monotoneOn_not_antitoneOn_iff_exists_lt_lt -> wins=[] reused=4 live=1
[tr2-probe] Set.pair_eq_pair_iff: reuse=4 live=1 ...
[tr2-probe]   Set.pair_eq_pair_iff -> wins=[] reused=4 live=1
[tr2-probe] Set.subset_ite: reuse=4 live=1 ...
[tr2-probe]   Set.subset_ite -> wins=[] reused=4 live=1
[tr2-probe] Set.union_empty_iff: reuse=4 live=1 ...
[tr2-probe]   Set.union_empty_iff -> wins=[] reused=4 live=1
[tr2-probe]   Function.Injective.nonempty_apply_iff -> wins=[] reused=4 live=0
[tr2-probe]   Prop.compl_singleton -> wins=[] reused=4 live=0
[tr2-probe] Multiset.toFinset_eq_singleton_iff: reuse=4 live=1 ...
[tr2-probe]   Multiset.toFinset_eq_singleton_iff -> wins=[] reused=4 live=1
[tr2-probe] Set.Nonempty.subset_pair_iff_eq: reuse=4 live=1 ...
[tr2-probe]   Set.Nonempty.subset_pair_iff_eq -> wins=[] reused=4 live=1
[tr2-probe] Set.diff_singleton_subset_iff: reuse=4 live=1 ...
[tr2-probe]   Set.diff_singleton_subset_iff -> wins=[] reused=4 live=1
[tr2-probe] Set.ssubset_iff_insert: reuse=4 live=1 ...
[tr2-probe]   Set.ssubset_iff_insert -> wins=[] reused=4 live=1
[tr2-probe] Set.ssubset_iff_sdiff_singleton: reuse=4 live=1 ...
[tr2-probe]   Set.ssubset_iff_sdiff_singleton -> wins=[] reused=4 live=1
[tr2-probe] Set.ssubset_singleton_iff: reuse=4 live=1 ...
[tr2-probe]   Set.ssubset_singleton_iff -> wins=[] reused=4 live=1
[tr2-probe] Set.subset_insert_iff: reuse=4 live=1 ...
[tr2-probe]   Set.subset_insert_iff -> wins=[] reused=4 live=1
[tr2-probe] Set.subset_pair_iff_eq: reuse=4 live=1 ...
[tr2-probe]   Set.subset_pair_iff_eq -> wins=[] reused=4 live=1
[tr2-probe] Set.subset_singleton_iff_eq: reuse=4 live=1 ...
[tr2-probe]   Set.subset_singleton_iff_eq -> wins=[] reused=4 live=1
[tr2-probe] Multiset.toFinset_nsmul: reuse=0 live=4 ...
[tr2-probe]   Multiset.toFinset_nsmul -> wins=[] reused=0 live=4
[tr2-probe] Set.strictAntiOn_iff_strictAnti: reuse=4 live=1 ...
[tr2-probe]   Set.strictAntiOn_iff_strictAnti -> wins=[] reused=4 live=1
[tr2-probe] Set.strictMonoOn_iff_strictMono: reuse=4 live=1 ...
[tr2-probe]   Set.strictMonoOn_iff_strictMono -> wins=[] reused=4 live=1
[tr2-probe] Set.diff_union_inter: reuse=0 live=4 ...
[tr2-probe]   Set.diff_union_inter -> wins=[] reused=0 live=4
[tr2-probe] Set.insert_diff_eq_singleton: reuse=0 live=4 ...
[tr2-probe]   Set.insert_diff_eq_singleton -> wins=[] reused=0 live=4
[tr2-probe] Set.insert_diff_of_mem: reuse=0 live=4 ...
[tr2-probe]   Set.insert_diff_of_mem -> wins=[] reused=0 live=4
[tr2-probe]   Set.ite_inter_of_inter_eq -> wins=[] reused=4 live=0
[tr2-probe]   Set.eq_of_inclusion_surjective -> wins=[] reused=4 live=0
[tr2-probe] Set.inclusion_right: reuse=0 live=4 ...
[tr2-probe]   Set.inclusion_right -> wins=[] reused=0 live=4
[tr2-probe] Set.pair_diff_left: reuse=0 live=4 ...
[tr2-probe]   Set.pair_diff_left -> wins=[] reused=0 live=4
[tr2-probe] theorems=34 live_theorems=30 live_tactics=64 reused=106 wins=0
